Component: ARM Compiler 5.06 update 6 (build 750) Tool: armlink [4d35ed]

==============================================================================

Section Cross References

    main.o(i.main) refers to misc.o(i.NVIC_PriorityGroupConfig) for NVIC_PriorityGroupConfig
    main.o(i.main) refers to usart.o(i.uart_init) for uart_init
    main.o(i.main) refers to delay.o(i.delay_init) for delay_init
    main.o(i.main) refers to noretval__2printf.o(.text) for __2printf
    main.o(i.main) refers to motordriver.o(i.LED_Init) for LED_Init
    main.o(i.main) refers to wifi.o(i.WIFI_Init) for WIFI_Init
    main.o(i.main) refers to voice_locate.o(i.VoiceLoc_Init) for VoiceLoc_Init
    main.o(i.main) refers to speechcontrol.o(i.Speech_Init) for Speech_Init
    main.o(i.main) refers to motordriver.o(i.Motor_Init) for Motor_Init
    main.o(i.main) refers to common.o(i.getInstruction) for getInstruction
    main.o(i.main) refers to motor.o(i.GoAhead) for GoAhead
    main.o(i.main) refers to motor.o(i.GoBack) for GoBack
    main.o(i.main) refers to motor.o(i.GoLeft) for GoLeft
    main.o(i.main) refers to motor.o(i.GoRight) for GoRight
    main.o(i.main) refers to motor.o(i.Break) for Break
    main.o(i.main) refers to motor.o(i.GoPoxy) for GoPoxy
    main.o(i.main) refers to speechcontrol.o(i.SpeechCtr) for SpeechCtr
    main.o(i.main) refers to voice_locate.o(i.VoiceLoc) for VoiceLoc
    main.o(i.main) refers to motor.o(i.Avoid) for Avoid
    main.o(i.main) refers to esp8266.o(.bss) for strEsp8266_Fram_Record
    main.o(i.main) refers to para_defs.o(.data) for pos_dest
    system_stm32f4xx.o(i.SystemCoreClockUpdate) refers to system_stm32f4xx.o(.data) for SystemCoreClock
    system_stm32f4xx.o(i.SystemInit) refers to system_stm32f4xx.o(i.SetSysClock) for SetSysClock
    calculate_poxy.o(i.delay_get) refers to calculate_poxy.o(i.delay_two_sigs) for delay_two_sigs
    calculate_poxy.o(i.delay_get) refers to para_defs.o(.bss) for sig_vf1
    calculate_poxy.o(i.delay_two_sigs) refers to arm_cfft_radix4_init_f32.o(.text) for arm_cfft_radix4_init_f32
    calculate_poxy.o(i.delay_two_sigs) refers to arm_cfft_radix4_f32.o(.text) for arm_cfft_radix4_f32
    calculate_poxy.o(i.delay_two_sigs) refers to h1_alloc.o(.text) for malloc
    calculate_poxy.o(i.delay_two_sigs) refers to arm_cmplx_mag_f32.o(.text) for arm_cmplx_mag_f32
    calculate_poxy.o(i.delay_two_sigs) refers to f2d.o(x$fpl$f2d) for __aeabi_f2d
    calculate_poxy.o(i.delay_two_sigs) refers to daddsub_clz.o(x$fpl$dadd) for __aeabi_dadd
    calculate_poxy.o(i.delay_two_sigs) refers to ddiv.o(x$fpl$ddiv) for __aeabi_ddiv
    calculate_poxy.o(i.delay_two_sigs) refers to d2f.o(x$fpl$d2f) for __aeabi_d2f
    calculate_poxy.o(i.delay_two_sigs) refers to h1_free.o(.text) for free
    calculate_poxy.o(i.pos_get) refers to f2d.o(x$fpl$f2d) for __aeabi_f2d
    calculate_poxy.o(i.pos_get) refers to ddiv.o(x$fpl$ddiv) for __aeabi_ddiv
    calculate_poxy.o(i.pos_get) refers to d2f.o(x$fpl$d2f) for __aeabi_d2f
    vad.o(i.Sampling_to_vol) refers to f2d.o(x$fpl$f2d) for __aeabi_f2d
    vad.o(i.Sampling_to_vol) refers to dmul.o(x$fpl$dmul) for __aeabi_dmul
    vad.o(i.Sampling_to_vol) refers to d2f.o(x$fpl$d2f) for __aeabi_d2f
    vad.o(i.Sampling_to_vol) refers to para_defs.o(.bss) for adc_result
    vad.o(i.VAD) refers to para_defs.o(.data) for FirstFrameFlag
    motor.o(i.Avoid) refers to stm32f4xx_gpio.o(i.GPIO_ReadInputDataBit) for GPIO_ReadInputDataBit
    motor.o(i.Avoid) refers to motor.o(i.GoRight) for GoRight
    motor.o(i.Avoid) refers to motor.o(i.Break) for Break
    motor.o(i.Avoid) refers to motor.o(i.GoLeft) for GoLeft
    motor.o(i.Avoid) refers to motor.o(i.GoBack) for GoBack
    motor.o(i.Avoid) refers to motor.o(i.GoAhead) for GoAhead
    motor.o(i.Avoid) refers to para_defs.o(.data) for TermInstr_Come
    motor.o(i.Break) refers to motor.o(.data) for LState
    motor.o(i.GetAngularVel) refers to motor.o(i.WSpeed) for WSpeed
    motor.o(i.GetAngularVel) refers to f2d.o(x$fpl$f2d) for __aeabi_f2d
    motor.o(i.GetAngularVel) refers to dmul.o(x$fpl$dmul) for __aeabi_dmul
    motor.o(i.GetAngularVel) refers to ddiv.o(x$fpl$ddiv) for __aeabi_ddiv
    motor.o(i.GetAngularVel) refers to d2f.o(x$fpl$d2f) for __aeabi_d2f
    motor.o(i.GetLineVel) refers to motor.o(i.WSpeed) for WSpeed
    motor.o(i.GetLineVel) refers to f2d.o(x$fpl$f2d) for __aeabi_f2d
    motor.o(i.GetLineVel) refers to dmul.o(x$fpl$dmul) for __aeabi_dmul
    motor.o(i.GetLineVel) refers to ddiv.o(x$fpl$ddiv) for __aeabi_ddiv
    motor.o(i.GetLineVel) refers to d2f.o(x$fpl$d2f) for __aeabi_d2f
    motor.o(i.GoAhead) refers to motor.o(.data) for LState
    motor.o(i.GoBack) refers to motor.o(.data) for LState
    motor.o(i.GoLeft) refers to motor.o(.data) for RState
    motor.o(i.GoPoxy) refers to f2d.o(x$fpl$f2d) for __aeabi_f2d
    motor.o(i.GoPoxy) refers to atan2.o(i.__hardfp_atan2) for __hardfp_atan2
    motor.o(i.GoPoxy) refers to daddsub_clz.o(x$fpl$drsb) for __aeabi_drsub
[...]
    i.USART2_IRQHandler                      0x08003124   Section        0  ld3320.o(i.USART2_IRQHandler)
    i.USART3_IRQHandler                      0x08003164   Section        0  esp8266.o(i.USART3_IRQHandler)
    i.USART_Cmd                              0x08003214   Section        0  stm32f4xx_usart.o(i.USART_Cmd)
    i.USART_GetFlagStatus                    0x0800322c   Section        0  stm32f4xx_usart.o(i.USART_GetFlagStatus)
    i.USART_GetITStatus                      0x08003246   Section        0  stm32f4xx_usart.o(i.USART_GetITStatus)
    i.USART_ITConfig                         0x0800329a   Section        0  stm32f4xx_usart.o(i.USART_ITConfig)
    i.USART_Init                             0x080032e4   Section        0  stm32f4xx_usart.o(i.USART_Init)
    i.USART_ReceiveData                      0x080033b8   Section        0  stm32f4xx_usart.o(i.USART_ReceiveData)
    i.USART_SendData                         0x080033c2   Section        0  stm32f4xx_usart.o(i.USART_SendData)
    i.USART_printf                           0x080033ca   Section        0  common.o(i.USART_printf)
    i.UsageFault_Handler                     0x080034d0   Section        0  stm32f4xx_it.o(i.UsageFault_Handler)
    i.VAD                                    0x080034d4   Section        0  vad.o(i.VAD)
    i.VoiceLoc                               0x08003590   Section        0  voice_locate.o(i.VoiceLoc)
    i.VoiceLoc_Init                          0x080036c0   Section        0  voice_locate.o(i.VoiceLoc_Init)
    i.WIFI_Init                              0x08003768   Section        0  wifi.o(i.WIFI_Init)
    i.__ARM_fpclassify                       0x08003814   Section        0  fpclassify.o(i.__ARM_fpclassify)
    i.__hardfp_atan                          0x08003848   Section        0  atan.o(i.__hardfp_atan)
    i.__hardfp_atan2                         0x08003b20   Section        0  atan2.o(i.__hardfp_atan2)
    i.__hardfp_sqrt                          0x08003d10   Section        0  sqrt.o(i.__hardfp_sqrt)
    i.__kernel_poly                          0x08003d8a   Section        0  poly.o(i.__kernel_poly)
    i.__mathlib_dbl_infnan                   0x08003e82   Section        0  dunder.o(i.__mathlib_dbl_infnan)
    i.__mathlib_dbl_infnan2                  0x08003e96   Section        0  dunder.o(i.__mathlib_dbl_infnan2)
    i.__mathlib_dbl_underflow                0x08003eb0   Section        0  dunder.o(i.__mathlib_dbl_underflow)
    i._sys_exit                              0x08003ed0   Section        0  usart.o(i._sys_exit)
    i.atan                                   0x08003ed4   Section        0  atan.o(i.atan)
    i.delay_get                              0x08003ee4   Section        0  calculate_poxy.o(i.delay_get)
    i.delay_init                             0x08003f30   Section        0  delay.o(i.delay_init)
    i.delay_ms                               0x08003f6c   Section        0  delay.o(i.delay_ms)
    i.delay_two_sigs                         0x08003fa4   Section        0  calculate_poxy.o(i.delay_two_sigs)
    i.delay_xms                              0x080041f0   Section        0  delay.o(i.delay_xms)
    i.fabs                                   0x0800423c   Section        0  fabs.o(i.fabs)
    i.fputc                                  0x08004254   Section        0  usart.o(i.fputc)
    i.getInstruction                         0x08004270   Section        0  common.o(i.getInstruction)
    i.itoa                                   0x08004360   Section        0  common.o(i.itoa)
    itoa                                     0x08004361   Thumb Code    98  common.o(i.itoa)
    i.main                                   0x080043c4   Section        0  main.o(i.main)
    i.noise_atap                             0x080044dc   Section        0  vad.o(i.noise_atap)
    i.pos_get                                0x080045a8   Section        0  calculate_poxy.o(i.pos_get)
    i.uart_init                              0x0800467c   Section        0  usart.o(i.uart_init)
    x$fpl$basic                              0x08004728   Section       24  basic.o(x$fpl$basic)
    $v0                                      0x08004728   Number         0  basic.o(x$fpl$basic)
    x$fpl$d2f                                0x08004740   Section       98  d2f.o(x$fpl$d2f)
    $v0                                      0x08004740   Number         0  d2f.o(x$fpl$d2f)
    x$fpl$dadd                               0x080047a4   Section      336  daddsub_clz.o(x$fpl$dadd)
    $v0                                      0x080047a4   Number         0  daddsub_clz.o(x$fpl$dadd)
    _dadd1                                   0x080047b5   Thumb Code     0  daddsub_clz.o(x$fpl$dadd)
    x$fpl$ddiv                               0x080048f4   Section      688  ddiv.o(x$fpl$ddiv)
    $v0                                      0x080048f4   Number         0  ddiv.o(x$fpl$ddiv)
    ddiv_entry                               0x080048fb   Thumb Code     0  ddiv.o(x$fpl$ddiv)
    x$fpl$dfix                               0x08004ba4   Section       94  dfix.o(x$fpl$dfix)
    $v0                                      0x08004ba4   Number         0  dfix.o(x$fpl$dfix)
    x$fpl$dmul                               0x08004c04   Section      340  dmul.o(x$fpl$dmul)
    $v0                                      0x08004c04   Number         0  dmul.o(x$fpl$dmul)
    x$fpl$dnaninf                            0x08004d58   Section      156  dnaninf.o(x$fpl$dnaninf)
    $v0                                      0x08004d58   Number         0  dnaninf.o(x$fpl$dnaninf)
    x$fpl$dretinf                            0x08004df4   Section       12  dretinf.o(x$fpl$dretinf)
    $v0                                      0x08004df4   Number         0  dretinf.o(x$fpl$dretinf)
    x$fpl$drsb                               0x08004e00   Section       22  daddsub_clz.o(x$fpl$drsb)
    $v0                                      0x08004e00   Number         0  daddsub_clz.o(x$fpl$drsb)
    x$fpl$dsqrt                              0x08004e18   Section      408  dsqrt_umaal.o(x$fpl$dsqrt)
    $v0                                      0x08004e18   Number         0  dsqrt_umaal.o(x$fpl$dsqrt)
    x$fpl$dsub                               0x08004fb0   Section      468  daddsub_clz.o(x$fpl$dsub)
    $v0                                      0x08004fb0   Number         0  daddsub_clz.o(x$fpl$dsub)
    _dsub1                                   0x08004fc1   Thumb Code     0  daddsub_clz.o(x$fpl$dsub)
    x$fpl$f2d                                0x08005184   Section       86  f2d.o(x$fpl$f2d)
    $v0                                      0x08005184   Number         0  f2d.o(x$fpl$f2d)
    x$fpl$fnaninf                            0x080051da   Section      140  fnaninf.o(x$fpl$fnaninf)
    $v0                                      0x080051da   Number         0  fnaninf.o(x$fpl$fnaninf)
    x$fpl$fpinit                             0x08005266   Section       10  fpinit.o(x$fpl$fpinit)
    $v0                                      0x08005266   Number         0  fpinit.o(x$fpl$fpinit)
    x$fpl$fretinf                            0x08005270   Section       10  fretinf.o(x$fpl$fretinf)
    $v0                                      0x08005270   Number         0  fretinf.o(x$fpl$fretinf)
    .constdata                               0x0800527a   Section     2048  arm_common_tables.o(.constdata)
    x$fpl$usenofp                            0x0800527a   Section        0  usenofp.o(x$fpl$usenofp)
    .constdata                               0x08005a7c   Section    32768  arm_common_tables.o(.constdata)
    .constdata                               0x0800da80   Section      152  atan.o(.constdata)
    atanhi                                   0x0800da80   Data          32  atan.o(.constdata)
    atanlo                                   0x0800daa0   Data          32  atan.o(.constdata)
    aTodd                                    0x0800dac0   Data          40  atan.o(.constdata)
    aTeven                                   0x0800dae8   Data          48  atan.o(.constdata)
    .constdata                               0x0800db18   Section        8  qnan.o(.constdata)
    .data                                    0x20000000   Section       53  para_defs.o(.data)
    .data                                    0x20000035   Section        2  motor.o(.data)
    .data                                    0x20000037   Section       16  stm32f4xx_rcc.o(.data)
    APBAHBPrescTable                         0x20000037   Data          16  stm32f4xx_rcc.o(.data)
    .data                                    0x20000048   Section        6  usart.o(.data)
    .data                                    0x2000004e   Section        4  delay.o(.data)
    fac_us                                   0x2000004e   Data           1  delay.o(.data)
    fac_ms                                   0x20000050   Data           2  delay.o(.data)
    .data                                    0x20000052   Section        1  adc.o(.data)
    .data                                    0x20000054   Section        4  motordriver.o(.data)
    .data                                    0x20000058   Section        1  ld3320.o(.data)
    .data                                    0x20000059   Section        1  timer.o(.data)
    .bss                                     0x2000005c   Section    65548  para_defs.o(.bss)
    .bss                                     0x20010068   Section      200  usart.o(.bss)
    .bss                                     0x20010130   Section     1026  esp8266.o(.bss)
    .bss                                     0x20010532   Section       50  ld3320.o(.bss)
    .bss                                     0x20010564   Section       96  libspace.o(.bss)
    HEAP                                     0x200105c8   Section      512  startup_stm32f40_41xxx.o(HEAP)
    Heap_Mem                                 0x200105c8   Data         512  startup_stm32f40_41xxx.o(HEAP)
    STACK                                    0x200107c8   Section     1024  startup_stm32f40_41xxx.o(STACK)
    Stack_Mem                                0x200107c8   Data        1024  startup_stm32f40_41xxx.o(STACK)
    __initial_sp                             0x20010bc8   Data           0  startup_stm32f40_41xxx.o(STACK)

    Global Symbols

    Symbol Name                              Value     Ov Type        Size  Object(Section)

    BuildAttributes$$THM_ISAv4$E$P$D$K$B$S$7EM$VFPi3$EXTD16$VFPS$VFMA$PE$A:L22UL41UL21$X:L11$S22US41US21$IEEE1$IW$USESV6$~STKCKD$USESV7$~SHL$OTIME$ROPI$IEEEX$EBA8$UX$STANDARDLIB$REQ8$PRES8$EABIv2 0x00000000   Number         0  anon$$obj.o ABSOLUTE
    __ARM_use_no_argv                        0x00000000   Number         0  main.o ABSOLUTE
    __ARM_exceptions_init                     - Undefined Weak Reference
    __alloca_initialize                       - Undefined Weak Reference
    __arm_preinit_                            - Undefined Weak Reference
    __cpp_initialize__aeabi_                  - Undefined Weak Reference
    __cxa_finalize                            - Undefined Weak Reference
    __rt_locale                               - Undefined Weak Reference
    __sigvec_lookup                           - Undefined Weak Reference
    __user_heap_extent                        - Undefined Weak Reference
    _atexit_init                              - Undefined Weak Reference
    _call_atexit_fns                          - Undefined Weak Reference
    _clock_init                               - Undefined Weak Reference
    _fp_trap_init                             - Undefined Weak Reference
    _fp_trap_shutdown                         - Undefined Weak Reference
    _get_lc_collate                           - Undefined Weak Reference
    _get_lc_ctype                             - Undefined Weak Reference
    _get_lc_monetary                          - Undefined Weak Reference
    _get_lc_numeric                           - Undefined Weak Reference
    _get_lc_time                              - Undefined Weak Reference
    _getenv_init                              - Undefined Weak Reference
    _handle_redirection                       - Undefined Weak Reference
    _initio                                   - Undefined Weak Reference
    _mutex_acquire                            - Undefined Weak Reference
    _mutex_free                               - Undefined Weak Reference
    _mutex_release                            - Undefined Weak Reference
    _printf_mbtowc                            - Undefined Weak Reference
    _printf_post_padding                      - Undefined Weak Reference
    _printf_pre_padding                       - Undefined Weak Reference
    _printf_truncate_signed                   - Undefined Weak Reference
    _printf_truncate_unsigned                 - Undefined Weak Reference
    _rand_init                                - Undefined Weak Reference
    _signal_finish                            - Undefined Weak Reference
    _signal_init                              - Undefined Weak Reference
    _terminateio                              - Undefined Weak Reference
    __Vectors_Size                           0x00000188   Number         0  startup_stm32f40_41xxx.o ABSOLUTE
    __Vectors                                0x08000000   Data           4  startup_stm32f40_41xxx.o(RESET)
    __Vectors_End                            0x08000188   Data           0  startup_stm32f40_41xxx.o(RESET)
    __main                                   0x08000189   Thumb Code     8  __main.o(!!!main)
    __scatterload                            0x08000191   Thumb Code     0  __scatter.o(!!!scatter)
    __scatterload_rt2                        0x08000191   Thumb Code    44  __scatter.o(!!!scatter)
    __scatterload_rt2_thumb_only             0x08000191   Thumb Code     0  __scatter.o(!!!scatter)
    __scatterload_null                       0x0800019f   Thumb Code     0  __scatter.o(!!!scatter)
    __scatterload_copy                       0x080001c5   Thumb Code    26  __scatter_copy.o(!!handler_copy)
    __scatterload_zeroinit                   0x080001e1   Thumb Code    28  __scatter_zi.o(!!handler_zi)
    _printf_d                                0x080001fd   Thumb Code     0  _printf_d.o(.ARM.Collect$$_printf_percent$$00000009)
    _printf_percent                          0x080001fd   Thumb Code     0  _printf_percent.o(.ARM.Collect$$_printf_percent$$00000000)
    _printf_s                                0x08000203   Thumb Code     0  _printf_s.o(.ARM.Collect$$_printf_percent$$00000014)
    _printf_percent_end                      0x08000209   Thumb Code     0  _printf_percent_end.o(.ARM.Collect$$_printf_percent$$00000017)
    __rt_lib_init                            0x0800020d   Thumb Code     0  libinit.o(.ARM.Collect$$libinit$$00000000)
    __rt_lib_init_fp_1                       0x0800020f   Thumb Code     0  libinit2.o(.ARM.Collect$$libinit$$00000001)
    __rt_lib_init_heap_2                     0x08000213   Thumb Code     0  libinit2.o(.ARM.Collect$$libinit$$00000005)
    __rt_lib_init_preinit_1                  0x08000213   Thumb Code     0  libinit2.o(.ARM.Collect$$libinit$$00000004)
    __rt_lib_init_alloca_1                   0x0800021b   Thumb Code     0  libinit2.o(.ARM.Collect$$libinit$$0000002E)
    __rt_lib_init_argv_1                     0x0800021b   Thumb Code     0  libinit2.o(.ARM.Collect$$libinit$$0000002C)
    __rt_lib_init_atexit_1                   0x0800021b   Thumb Code     0  libinit2.o(.ARM.Collect$$libinit$$0000001B)
    __rt_lib_init_clock_1                    0x0800021b   Thumb Code     0  libinit2.o(.ARM.Collect$$libinit$$00000021)
    __rt_lib_init_cpp_1                      0x0800021b   Thumb Code     0  libinit2.o(.ARM.Collect$$libinit$$00000032)
    __rt_lib_init_exceptions_1               0x0800021b   Thumb Code     0  libinit2.o(.ARM.Collect$$libinit$$00000030)
    __rt_lib_init_fp_trap_1                  0x0800021b   Thumb Code     0  libinit2.o(.ARM.Collect$$libinit$$0000001F)
    __rt_lib_init_getenv_1                   0x0800021b   Thumb Code     0  libinit2.o(.ARM.Collect$$libinit$$00000023)
    __rt_lib_init_heap_1                     0x0800021b   Thumb Code     0  libinit2.o(.ARM.Collect$$libinit$$0000000A)
    __rt_lib_init_lc_collate_1               0x0800021b   Thumb Code     0  libinit2.o(.ARM.Collect$$libinit$$00000011)
    __rt_lib_init_lc_ctype_1                 0x0800021b   Thumb Code     0  libinit2.o(.ARM.Collect$$libinit$$00000013)
    __rt_lib_init_lc_monetary_1              0x0800021b   Thumb Code     0  libinit2.o(.ARM.Collect$$libinit$$00000015)
    __rt_lib_init_lc_numeric_1               0x0800021b   Thumb Code     0  libinit2.o(.ARM.Collect$$libinit$$00000017)
    __rt_lib_init_lc_time_1                  0x0800021b   Thumb Code     0  libinit2.o(.ARM.Collect$$libinit$$00000019)
    __rt_lib_init_rand_1                     0x0800021b   Thumb Code     0  libinit2.o(.ARM.Collect$$libinit$$0000000E)
    __rt_lib_init_return                     0x0800021b   Thumb Code     0  libinit2.o(.ARM.Collect$$libinit$$00000033)
    __rt_lib_init_signal_1                   0x0800021b   Thumb Code     0  libinit2.o(.ARM.Collect$$libinit$$0000001D)
    __rt_lib_init_stdio_1                    0x0800021b   Thumb Code     0  libinit2.o(.ARM.Collect$$libinit$$00000025)
    __rt_lib_init_user_alloc_1               0x0800021b   Thumb Code     0  libinit2.o(.ARM.Collect$$libinit$$0000000C)
    __rt_lib_shutdown                        0x0800021d   Thumb Code     0  libshutdown.o(.ARM.Collect$$libshutdown$$00000000)
    __rt_lib_shutdown_cpp_1                  0x0800021f   Thumb Code     0  libshutdown2.o(.ARM.Collect$$libshutdown$$00000002)
    __rt_lib_shutdown_fp_trap_1              0x0800021f   Thumb Code     0  libshutdown2.o(.ARM.Collect$$libshutdown$$00000007)
    __rt_lib_shutdown_heap_1                 0x0800021f   Thumb Code     0  libshutdown2.o(.ARM.Collect$$libshutdown$$0000000F)
    __rt_lib_shutdown_return                 0x0800021f   Thumb Code     0  libshutdown2.o(.ARM.Collect$$libshutdown$$00000010)
    __rt_lib_shutdown_signal_1               0x0800021f   Thumb Code     0  libshutdown2.o(.ARM.Collect$$libshutdown$$0000000A)
    __rt_lib_shutdown_stdio_1                0x0800021f   Thumb Code     0  libshutdown2.o(.ARM.Collect$$libshutdown$$00000004)
    __rt_lib_shutdown_user_alloc_1           0x0800021f   Thumb Code     0  libshutdown2.o(.ARM.Collect$$libshutdown$$0000000C)
    __rt_entry                               0x08000221   Thumb Code     0  __rtentry.o(.ARM.Collect$$rtentry$$00000000)
    __rt_entry_presh_1                       0x08000221   Thumb Code     0  __rtentry2.o(.ARM.Collect$$rtentry$$00000002)
    __rt_entry_sh                            0x08000221   Thumb Code     0  __rtentry4.o(.ARM.Collect$$rtentry$$00000004)
    __rt_entry_li                            0x08000227   Thumb Code     0  __rtentry2.o(.ARM.Collect$$rtentry$$0000000A)
    __rt_entry_postsh_1                      0x08000227   Thumb Code     0  __rtentry2.o(.ARM.Collect$$rtentry$$00000009)
    __rt_entry_main                          0x0800022b   Thumb Code     0  __rtentry2.o(.ARM.Collect$$rtentry$$0000000D)
    __rt_entry_postli_1                      0x0800022b   Thumb Code     0  __rtentry2.o(.ARM.Collect$$rtentry$$0000000C)
    __rt_exit                                0x08000233   Thumb Code     0  rtexit.o(.ARM.Collect$$rtexit$$00000000)
    __rt_exit_ls                             0x08000235   Thumb Code     0  rtexit2.o(.ARM.Collect$$rtexit$$00000003)
    __rt_exit_prels_1                        0x08000235   Thumb Code     0  rtexit2.o(.ARM.Collect$$rtexit$$00000002)
    __rt_exit_exit                           0x08000239   Thumb Code     0  rtexit2.o(.ARM.Collect$$rtexit$$00000004)
    Reset_Handler                            0x08000241   Thumb Code     8  startup_stm32f40_41xxx.o(.text)
    _maybe_terminate_alloc                   0x08000241   Thumb Code     0  maybetermalloc1.o(.emb_text)
    ADC_IRQHandler                           0x0800025b   Thumb Code     0  startup_stm32f40_41xxx.o(.text)
    CAN1_RX0_IRQHandler                      0x0800025b   Thumb Code     0  startup_stm32f40_41xxx.o(.text)
    CAN1_RX1_IRQHandler                      0x0800025b   Thumb Code     0  startup_stm32f40_41xxx.o(.text)
    CAN1_SCE_IRQHandler                      0x0800025b   Thumb Code     0  startup_stm32f40_41xxx.o(.text)
    CAN1_TX_IRQHandler                       0x0800025b   Thumb Code     0  startup_stm32f40_41xxx.o(.text)
    CAN2_RX0_IRQHandler                      0x0800025b   Thumb Code     0  startup_stm32f40_41xxx.o(.text)
    CAN2_RX1_IRQHandler                      0x0800025b   Thumb Code     0  startup_stm32f40_41xxx.o(.text)
    CAN2_SCE_IRQHandler                      0x0800025b   Thumb Code     0  startup_stm32f40_41xxx.o(.text)
    CAN2_TX_IRQHandler                       0x0800025b   Thumb Code     0  startup_stm32f40_41xxx.o(.text)
    CRYP_IRQHandler                          0x0800025b   Thumb Code     0  startup_stm32f40_41xxx.o(.text)
    DCMI_IRQHandler                          0x0800025b   Thumb Code     0  startup_stm32f40_41xxx.o(.text)
    DMA1_Stream0_IRQHandler                  0x0800025b   Thumb Code     0  startup_stm32f40_41xxx.o(.text)
    DMA1_Stream1_IRQHandler                  0x0800025b   Thumb Code     0  startup_stm32f40_41xxx.o(.text)
    DMA1_Stream2_IRQHandler                  0x0800025b   Thumb Code     0  startup_stm32f40_41xxx.o(.text)
    DMA1_Stream3_IRQHandler                  0x0800025b   Thumb Code     0  startup_stm32f40_41xxx.o(.text)
    DMA1_Stream4_IRQHandler                  0x0800025b   Thumb Code     0  startup_stm32f40_41xxx.o(.text)
    DMA1_Stream5_IRQHandler                  0x0800025b   Thumb Code     0  startup_stm32f40_41xxx.o(.text)
    DMA1_Stream6_IRQHandler                  0x0800025b   Thumb Code     0  startup_stm32f40_41xxx.o(.text)
    DMA1_Stream7_IRQHandler                  0x0800025b   Thumb Code     0  startup_stm32f40_41xxx.o(.text)
    DMA2_Stream1_IRQHandler                  0x0800025b   Thumb Code     0  startup_stm32f40_41xxx.o(.text)
    DMA2_Stream2_IRQHandler                  0x0800025b   Thumb Code     0  startup_stm32f40_41xxx.o(.text)
    DMA2_Stream3_IRQHandler                  0x0800025b   Thumb Code     0  startup_stm32f40_41xxx.o(.text)
    DMA2_Stream4_IRQHandler                  0x0800025b   Thumb Code     0  startup_stm32f40_41xxx.o(.text)
    DMA2_Stream5_IRQHandler                  0x0800025b   Thumb Code     0  startup_stm32f40_41xxx.o(.text)
    DMA2_Stream6_IRQHandler                  0x0800025b   Thumb Code     0  startup_stm32f40_41xxx.o(.text)
    DMA2_Stream7_IRQHandler                  0x0800025b   Thumb Code     0  startup_stm32f40_41xxx.o(.text)
    ETH_IRQHandler                           0x0800025b   Thumb Code     0  startup_stm32f40_41xxx.o(.text)
    ETH_WKUP_IRQHandler                      0x0800025b   Thumb Code     0  startup_stm32f40_41xxx.o(.text)
    EXTI0_IRQHandler                         0x0800025b   Thumb Code     0  startup_stm32f40_41xxx.o(.text)
    EXTI15_10_IRQHandler                     0x0800025b   Thumb Code     0  startup_stm32f40_41xxx.o(.text)
    EXTI1_IRQHandler                         0x0800025b   Thumb Code     0  startup_stm32f40_41xxx.o(.text)
    EXTI2_IRQHandler                         0x0800025b   Thumb Code     0  startup_stm32f40_41xxx.o(.text)
    EXTI3_IRQHandler                         0x0800025b   Thumb Code     0  startup_stm32f40_41xxx.o(.text)
    FLASH_IRQHandler                         0x0800025b   Thumb Code     0  startup_stm32f40_41xxx.o(.text)
    FPU_IRQHandler                           0x0800025b   Thumb Code     0  startup_stm32f40_41xxx.o(.text)
    FSMC_IRQHandler                          0x0800025b   Thumb Code     0  startup_stm32f40_41xxx.o(.text)
    HASH_RNG_IRQHandler                      0x0800025b   Thumb Code     0  startup_stm32f40_41xxx.o(.text)
    I2C1_ER_IRQHandler                       0x0800025b   Thumb Code     0  startup_stm32f40_41xxx.o(.text)
    I2C1_EV_IRQHandler                       0x0800025b   Thumb Code     0  startup_stm32f40_41xxx.o(.text)
    I2C2_ER_IRQHandler                       0x0800025b   Thumb Code     0  startup_stm32f40_41xxx.o(.text)
    I2C2_EV_IRQHandler                       0x0800025b   Thumb Code     0  startup_stm32f40_41xxx.o(.text)
    I2C3_ER_IRQHandler                       0x0800025b   Thumb Code     0  startup_stm32f40_41xxx.o(.text)
    I2C3_EV_IRQHandler                       0x0800025b   Thumb Code     0  startup_stm32f40_41xxx.o(.text)
    OTG_FS_IRQHandler                        0x0800025b   Thumb Code     0  startup_stm32f40_41xxx.o(.text)
    OTG_FS_WKUP_IRQHandler                   0x0800025b   Thumb Code     0  startup_stm32f40_41xxx.o(.text)
    OTG_HS_EP1_IN_IRQHandler                 0x0800025b   Thumb Code     0  startup_stm32f40_41xxx.o(.text)
    OTG_HS_EP1_OUT_IRQHandler                0x0800025b   Thumb Code     0  startup_stm32f40_41xxx.o(.text)
    OTG_HS_IRQHandler                        0x0800025b   Thumb Code     0  startup_stm32f40_41xxx.o(.text)
    OTG_HS_WKUP_IRQHandler                   0x0800025b   Thumb Code     0  startup_stm32f40_41xxx.o(.text)
    PVD_IRQHandler                           0x0800025b   Thumb Code     0  startup_stm32f40_41xxx.o(.text)
    RCC_IRQHandler                           0x0800025b   Thumb Code     0  startup_stm32f40_41xxx.o(.text)
    RTC_Alarm_IRQHandler                     0x0800025b   Thumb Code     0  startup_stm32f40_41xxx.o(.text)
    RTC_WKUP_IRQHandler                      0x0800025b   Thumb Code     0  startup_stm32f40_41xxx.o(.text)
    SDIO_IRQHandler                          0x0800025b   Thumb Code     0  startup_stm32f40_41xxx.o(.text)
    SPI1_IRQHandler                          0x0800025b   Thumb Code     0  startup_stm32f40_41xxx.o(.text)
    SPI2_IRQHandler                          0x0800025b   Thumb Code     0  startup_stm32f40_41xxx.o(.text)
    SPI3_IRQHandler                          0x0800025b   Thumb Code     0  startup_stm32f40_41xxx.o(.text)
    TAMP_STAMP_IRQHandler                    0x0800025b   Thumb Code     0  startup_stm32f40_41xxx.o(.text)
    TIM1_BRK_TIM9_IRQHandler                 0x0800025b   Thumb Code     0  startup_stm32f40_41xxx.o(.text)
    TIM1_CC_IRQHandler                       0x0800025b   Thumb Code     0  startup_stm32f40_41xxx.o(.text)
    TIM1_TRG_COM_TIM11_IRQHandler            0x0800025b   Thumb Code     0  startup_stm32f40_41xxx.o(.text)
    TIM1_UP_TIM10_IRQHandler                 0x0800025b   Thumb Code     0  startup_stm32f40_41xxx.o(.text)
    TIM2_IRQHandler                          0x0800025b   Thumb Code     0  startup_stm32f40_41xxx.o(.text)
    TIM4_IRQHandler                          0x0800025b   Thumb Code     0  startup_stm32f40_41xxx.o(.text)
    TIM5_IRQHandler                          0x0800025b   Thumb Code     0  startup_stm32f40_41xxx.o(.text)
    TIM6_DAC_IRQHandler                      0x0800025b   Thumb Code     0  startup_stm32f40_41xxx.o(.text)
    TIM7_IRQHandler                          0x0800025b   Thumb Code     0  startup_stm32f40_41xxx.o(.text)
    TIM8_BRK_TIM12_IRQHandler                0x0800025b   Thumb Code     0  startup_stm32f40_41xxx.o(.text)
    TIM8_CC_IRQHandler                       0x0800025b   Thumb Code     0  startup_stm32f40_41xxx.o(.text)
    TIM8_UP_TIM13_IRQHandler                 0x0800025b   Thumb Code     0  startup_stm32f40_41xxx.o(.text)
    UART4_IRQHandler                         0x0800025b   Thumb Code     0  startup_stm32f40_41xxx.o(.text)
    UART5_IRQHandler                         0x0800025b   Thumb Code     0  startup_stm32f40_41xxx.o(.text)
    USART6_IRQHandler                        0x0800025b   Thumb Code     0  startup_stm32f40_41xxx.o(.text)
    WWDG_IRQHandler                          0x0800025b   Thumb Code     0  startup_stm32f40_41xxx.o(.text)
    __user_initial_stackheap                 0x0800025d   Thumb Code     0  startup_stm32f40_41xxx.o(.text)
    arm_cmplx_mag_f32                        0x08000281   Thumb Code   236  arm_cmplx_mag_f32.o(.text)
    arm_radix4_butterfly_f32                 0x08000371   Thumb Code   800  arm_cfft_radix4_f32.o(.text)
    arm_radix4_butterfly_inverse_f32         0x08000691   Thumb Code   836  arm_cfft_radix4_f32.o(.text)
    arm_cfft_radix4_f32                      0x080009d5   Thumb Code    60  arm_cfft_radix4_f32.o(.text)
    arm_cfft_radix4_init_f32                 0x08000a11   Thumb Code   146  arm_cfft_radix4_init_f32.o(.text)
    arm_bitreversal_f32                      0x08000ad1   Thumb Code   178  arm_bitreversal.o(.text)
    arm_bitreversal_q31                      0x08000b83   Thumb Code   180  arm_bitreversal.o(.text)
    arm_bitreversal_q15                      0x08000c37   Thumb Code   128  arm_bitreversal.o(.text)
    malloc                                   0x08000cb7   Thumb Code    94  h1_alloc.o(.text)
    free                                     0x08000d15   Thumb Code    78  h1_free.o(.text)
    __2printf                                0x08000d65   Thumb Code    20  noretval__2printf.o(.text)
    __2sprintf                               0x08000d7d   Thumb Code    34  noretval__2sprintf.o(.text)
    __printf                                 0x08000da5   Thumb Code   104  __printf.o(.text)
    _printf_str                              0x08000e0d   Thumb Code    82  _printf_str.o(.text)
    _printf_int_dec                          0x08000e61   Thumb Code   104  _printf_dec.o(.text)
    strstr                                   0x08000ed9   Thumb Code    36  strstr.o(.text)
    __use_two_region_memory                  0x08000efd   Thumb Code     2  heapauxi.o(.text)
    __rt_heap_escrow                         0x08000eff   Thumb Code     2  heapauxi.o(.text)
    __rt_heap_expand                         0x08000f01   Thumb Code     2  heapauxi.o(.text)
    __rt_heap_descriptor                     0x08000f05   Thumb Code     8  rt_heap_descriptor_intlibspace.o(.text)
    __use_no_heap                            0x08000f0d   Thumb Code     2  hguard.o(.text)
    __heap$guard                             0x08000f0f   Thumb Code     2  hguard.o(.text)
    _terminate_user_alloc                    0x08000f11   Thumb Code     2  init_alloc.o(.text)
    _init_user_alloc                         0x08000f13   Thumb Code     2  init_alloc.o(.text)
    __Heap_Full                              0x08000f15   Thumb Code    34  init_alloc.o(.text)
    __Heap_Broken                            0x08000f37   Thumb Code     6  init_alloc.o(.text)
    _init_alloc                              0x08000f3d   Thumb Code    94  init_alloc.o(.text)
    __Heap_Initialize                        0x08000f9b   Thumb Code    10  h1_init.o(.text)
    __Heap_DescSize                          0x08000fa5   Thumb Code     4  h1_init.o(.text)
    __read_errno                             0x08000fa9   Thumb Code    10  _rserrno.o(.text)
    __set_errno                              0x08000fb3   Thumb Code    12  _rserrno.o(.text)
    _printf_int_common                       0x08000fbf   Thumb Code   178  _printf_intcommon.o(.text)
    _printf_char_common                      0x0800107b   Thumb Code    32  _printf_char_common.o(.text)
    _sputc                                   0x080010a1   Thumb Code    10  _sputc.o(.text)
    _printf_cs_common                        0x080010ab   Thumb Code    20  _printf_char.o(.text)
    _printf_char                             0x080010bf   Thumb Code    16  _printf_char.o(.text)
    _printf_string                           0x080010cf   Thumb Code     8  _printf_char.o(.text)
    _printf_char_file                        0x080010d9   Thumb Code    32  _printf_char_file.o(.text)
    __user_libspace                          0x080010fd   Thumb Code     8  libspace.o(.text)
    __user_perproc_libspace                  0x080010fd   Thumb Code     0  libspace.o(.text)
    __user_perthread_libspace                0x080010fd   Thumb Code     0  libspace.o(.text)
    __aeabi_errno_addr                       0x08001105   Thumb Code     8  rt_errno_addr_intlibspace.o(.text)
    __errno$intlibspace                      0x08001105   Thumb Code     0  rt_errno_addr_intlibspace.o(.text)
    __rt_errno_addr$intlibspace              0x08001105   Thumb Code     0  rt_errno_addr_intlibspace.o(.text)
    __Heap_ProvideMemory                     0x0800110d   Thumb Code    52  h1_extend.o(.text)
    ferror                                   0x08001141   Thumb Code     8  ferror.o(.text)
    __rt_SIGRTMEM                            0x08001149   Thumb Code    14  defsig_rtmem_outer.o(.text)
    __I$use$semihosting                      0x08001157   Thumb Code     0  use_no_semi.o(.text)
    __use_no_semihosting_swi                 0x08001157   Thumb Code     2  use_no_semi.o(.text)
    __semihosting_library_function           0x08001159   Thumb Code     0  indicate_semi.o(.text)
    __user_setup_stackheap                   0x08001159   Thumb Code    74  sys_stackheap_outer.o(.text)
    exit                                     0x080011a3   Thumb Code    18  exit.o(.text)
    __sig_exit                               0x080011b5   Thumb Code    10  defsig_exit.o(.text)
    __rt_SIGRTMEM_inner                      0x080011c1   Thumb Code    22  defsig_rtmem_inner.o(.text)
    __default_signal_display                 0x08001211   Thumb Code    50  defsig_general.o(.text)
    _ttywrch                                 0x08001243   Thumb Code    14  sys_wrch.o(.text)
    ADC_Cmd                                  0x08001251   Thumb Code    22  stm32f4xx_adc.o(i.ADC_Cmd)
    ADC_CommonInit                           0x08001269   Thumb Code    34  stm32f4xx_adc.o(i.ADC_CommonInit)
    ADC_Common_Init                          0x08001299   Thumb Code   328  adc.o(i.ADC_Common_Init)
    ADC_DMACmd                               0x080013fd   Thumb Code    22  stm32f4xx_adc.o(i.ADC_DMACmd)
    ADC_DMARequestAfterLastTransferCmd       0x08001413   Thumb Code    22  stm32f4xx_adc.o(i.ADC_DMARequestAfterLastTransferCmd)
    ADC_Init                                 0x08001429   Thumb Code    74  stm32f4xx_adc.o(i.ADC_Init)
    ADC_MultiModeDMARequestAfterLastTransferCmd 0x0800147d   Thumb Code    34  stm32f4xx_adc.o(i.ADC_MultiModeDMARequestAfterLastTransferCmd)
    ADC_RegularChannelConfig                 0x080014a9   Thumb Code   184  stm32f4xx_adc.o(i.ADC_RegularChannelConfig)
    ADC_SoftwareStartConv                    0x08001561   Thumb Code    10  stm32f4xx_adc.o(i.ADC_SoftwareStartConv)
    ADC_Voice_Init                           0x0800156d   Thumb Code   128  adc.o(i.ADC_Voice_Init)
    ADC_start                                0x0800160d   Thumb Code    18  adc.o(i.ADC_start)
    ADC_stop                                 0x08001629   Thumb Code    20  adc.o(i.ADC_stop)
    Avoid                                    0x08001645   Thumb Code   322  motor.o(i.Avoid)
    Break                                    0x08001791   Thumb Code    34  motor.o(i.Break)
    BusFault_Handler                         0x080017c5   Thumb Code     4  stm32f4xx_it.o(i.BusFault_Handler)
    DMA2_Stream0_IRQHandler                  0x080017c9   Thumb Code   144  adc.o(i.DMA2_Stream0_IRQHandler)
    DMA_ClearITPendingBit                    0x08001879   Thumb Code    38  stm32f4xx_dma.o(i.DMA_ClearITPendingBit)
    DMA_Cmd                                  0x080018ad   Thumb Code    22  stm32f4xx_dma.o(i.DMA_Cmd)
    DMA_GetITStatus                          0x080018c5   Thumb Code    82  stm32f4xx_dma.o(i.DMA_GetITStatus)
    DMA_ITConfig                             0x08001929   Thumb Code    58  stm32f4xx_dma.o(i.DMA_ITConfig)
    DMA_Init                                 0x08001965   Thumb Code    82  stm32f4xx_dma.o(i.DMA_Init)
    DMA_MemoryTargetConfig                   0x080019bd   Thumb Code    10  stm32f4xx_dma.o(i.DMA_MemoryTargetConfig)
    DMA_PeriphAdrConfig                      0x080019c7   Thumb Code     4  stm32f4xx_dma.o(i.DMA_PeriphAdrConfig)
    DMA_SetCurrDataCounter                   0x080019cb   Thumb Code     4  stm32f4xx_dma.o(i.DMA_SetCurrDataCounter)
    DebugMon_Handler                         0x080019cf   Thumb Code     2  stm32f4xx_it.o(i.DebugMon_Handler)
    ESP8266_APIP_Set                         0x080019d1   Thumb Code    40  wifi.o(i.ESP8266_APIP_Set)
    ESP8266_AT_Test                          0x08001a0d   Thumb Code    56  wifi.o(i.ESP8266_AT_Test)
    ESP8266_BuildAP                          0x08001a51   Thumb Code    40  wifi.o(i.ESP8266_BuildAP)
    ESP8266_Cmd                              0x08001a95   Thumb Code   164  wifi.o(i.ESP8266_Cmd)
    ESP8266_GPIO_Init                        0x08001b4d   Thumb Code    78  esp8266.o(i.ESP8266_GPIO_Init)
    ESP8266_Init                             0x08001ba1   Thumb Code    32  esp8266.o(i.ESP8266_Init)
    ESP8266_MultiUser_Set                    0x08001bc5   Thumb Code    40  wifi.o(i.ESP8266_MultiUser_Set)
    ESP8266_NetMode_Set                      0x08001c01   Thumb Code    62  wifi.o(i.ESP8266_NetMode_Set)
    ESP8266_Rst                              0x08001c75   Thumb Code    32  wifi.o(i.ESP8266_Rst)
    ESP8266_TCPSever_Set                     0x08001c99   Thumb Code    98  wifi.o(i.ESP8266_TCPSever_Set)
    ESP8266_USART_Init                       0x08001d25   Thumb Code   180  esp8266.o(i.ESP8266_USART_Init)
    EXTI4_IRQHandler                         0x08001de1   Thumb Code    30  motordriver.o(i.EXTI4_IRQHandler)
    EXTI9_5_IRQHandler                       0x08001e09   Thumb Code    40  motordriver.o(i.EXTI9_5_IRQHandler)
    EXTI_ClearITPendingBit                   0x08001e41   Thumb Code     6  stm32f4xx_exti.o(i.EXTI_ClearITPendingBit)
    EXTI_Init                                0x08001e4d   Thumb Code   142  stm32f4xx_exti.o(i.EXTI_Init)
    GPIO_Init                                0x08001ee1   Thumb Code   144  stm32f4xx_gpio.o(i.GPIO_Init)
    GPIO_PinAFConfig                         0x08001f71   Thumb Code    70  stm32f4xx_gpio.o(i.GPIO_PinAFConfig)
    GPIO_ReadInputDataBit                    0x08001fb7   Thumb Code    18  stm32f4xx_gpio.o(i.GPIO_ReadInputDataBit)
    GPIO_ResetBits                           0x08001fc9   Thumb Code     4  stm32f4xx_gpio.o(i.GPIO_ResetBits)
    GPIO_SetBits                             0x08001fcd   Thumb Code     4  stm32f4xx_gpio.o(i.GPIO_SetBits)
    GoAhead                                  0x08001fd1   Thumb Code    40  motor.o(i.GoAhead)
    GoBack                                   0x08002009   Thumb Code    42  motor.o(i.GoBack)
    GoLeft                                   0x08002045   Thumb Code    42  motor.o(i.GoLeft)
    GoPoxy                                   0x08002081   Thumb Code   334  motor.o(i.GoPoxy)
    GoRight                                  0x080021ed   Thumb Code    42  motor.o(i.GoRight)
    HardFault_Handler                        0x08002229   Thumb Code     4  stm32f4xx_it.o(i.HardFault_Handler)
    LD3320_Init                              0x0800222d   Thumb Code     8  ld3320.o(i.LD3320_Init)
    LD3320_USART_Init                        0x08002235   Thumb Code   170  ld3320.o(i.LD3320_USART_Init)
    LED_Init                                 0x080022e9   Thumb Code    58  motordriver.o(i.LED_Init)
    MemManage_Handler                        0x08002329   Thumb Code     4  stm32f4xx_it.o(i.MemManage_Handler)
    Motor_GPIO_Init                          0x0800232d   Thumb Code   180  motordriver.o(i.Motor_GPIO_Init)
    Motor_Init                               0x080023e9   Thumb Code   246  motordriver.o(i.Motor_Init)
    Motor_NVIC_Init                          0x08002519   Thumb Code   144  motordriver.o(i.Motor_NVIC_Init)
    Motor_TIM_Init                           0x080025a9   Thumb Code   220  motordriver.o(i.Motor_TIM_Init)
    NMI_Handler                              0x08002691   Thumb Code     2  stm32f4xx_it.o(i.NMI_Handler)
    NVIC_Init                                0x08002695   Thumb Code   106  misc.o(i.NVIC_Init)
    NVIC_PriorityGroupConfig                 0x0800270d   Thumb Code    10  misc.o(i.NVIC_PriorityGroupConfig)
    PendSV_Handler                           0x08002721   Thumb Code     2  stm32f4xx_it.o(i.PendSV_Handler)
    RCC_AHB1PeriphClockCmd                   0x08002725   Thumb Code    26  stm32f4xx_rcc.o(i.RCC_AHB1PeriphClockCmd)
    RCC_APB1PeriphClockCmd                   0x08002745   Thumb Code    26  stm32f4xx_rcc.o(i.RCC_APB1PeriphClockCmd)
    RCC_APB2PeriphClockCmd                   0x08002765   Thumb Code    26  stm32f4xx_rcc.o(i.RCC_APB2PeriphClockCmd)
    RCC_GetClocksFreq                        0x08002785   Thumb Code   214  stm32f4xx_rcc.o(i.RCC_GetClocksFreq)
    SVC_Handler                              0x0800286d   Thumb Code     2  stm32f4xx_it.o(i.SVC_Handler)
    SYSCFG_EXTILineConfig                    0x08002871   Thumb Code    60  stm32f4xx_syscfg.o(i.SYSCFG_EXTILineConfig)
    Sampling_to_vol                          0x080028b1   Thumb Code   460  vad.o(i.Sampling_to_vol)
    SpeechCtr                                0x08002b91   Thumb Code   122  speechcontrol.o(i.SpeechCtr)
    Speech_Init                              0x08002c55   Thumb Code    20  speechcontrol.o(i.Speech_Init)
    Speech_TIM_Init                          0x08002c69   Thumb Code    88  timer.o(i.Speech_TIM_Init)
    SysTick_CLKSourceConfig                  0x08002cc5   Thumb Code    40  misc.o(i.SysTick_CLKSourceConfig)
    SysTick_Handler                          0x08002ced   Thumb Code     2  stm32f4xx_it.o(i.SysTick_Handler)
    SystemInit                               0x08002cf1   Thumb Code    88  system_stm32f4xx.o(i.SystemInit)
    TIM3_IRQHandler                          0x08002d59   Thumb Code    28  timer.o(i.TIM3_IRQHandler)
    TIM8_TRG_COM_TIM14_IRQHandler            0x08002d7d   Thumb Code   190  motordriver.o(i.TIM8_TRG_COM_TIM14_IRQHandler)
    TIM_ARRPreloadConfig                     0x08002e61   Thumb Code    24  stm32f4xx_tim.o(i.TIM_ARRPreloadConfig)
    TIM_ClearITPendingBit                    0x08002e79   Thumb Code     6  stm32f4xx_tim.o(i.TIM_ClearITPendingBit)
    TIM_Cmd                                  0x08002e7f   Thumb Code    24  stm32f4xx_tim.o(i.TIM_Cmd)
    TIM_GetITStatus                          0x08002e97   Thumb Code    34  stm32f4xx_tim.o(i.TIM_GetITStatus)
    TIM_ITConfig                             0x08002eb9   Thumb Code    18  stm32f4xx_tim.o(i.TIM_ITConfig)
    TIM_OC1Init                              0x08002ecd   Thumb Code   114  stm32f4xx_tim.o(i.TIM_OC1Init)
    TIM_OC1PreloadConfig                     0x08002f49   Thumb Code    18  stm32f4xx_tim.o(i.TIM_OC1PreloadConfig)
    TIM_SetCompare1                          0x08002f5b   Thumb Code     4  stm32f4xx_tim.o(i.TIM_SetCompare1)
    TIM_TimeBaseInit                         0x08002f61   Thumb Code   104  stm32f4xx_tim.o(i.TIM_TimeBaseInit)
    Turn                                     0x08002fe5   Thumb Code   154  motor.o(i.Turn)
    USART1_IRQHandler                        0x0800309d   Thumb Code   122  usart.o(i.USART1_IRQHandler)
    USART2_IRQHandler                        0x08003125   Thumb Code    52  ld3320.o(i.USART2_IRQHandler)
    USART3_IRQHandler                        0x08003165   Thumb Code   152  esp8266.o(i.USART3_IRQHandler)
    USART_Cmd                                0x08003215   Thumb Code    24  stm32f4xx_usart.o(i.USART_Cmd)
    USART_GetFlagStatus                      0x0800322d   Thumb Code    26  stm32f4xx_usart.o(i.USART_GetFlagStatus)
    USART_GetITStatus                        0x08003247   Thumb Code    84  stm32f4xx_usart.o(i.USART_GetITStatus)
    USART_ITConfig                           0x0800329b   Thumb Code    74  stm32f4xx_usart.o(i.USART_ITConfig)
    USART_Init                               0x080032e5   Thumb Code   204  stm32f4xx_usart.o(i.USART_Init)
    USART_ReceiveData                        0x080033b9   Thumb Code    10  stm32f4xx_usart.o(i.USART_ReceiveData)
    USART_SendData                           0x080033c3   Thumb Code     8  stm32f4xx_usart.o(i.USART_SendData)
    USART_printf                             0x080033cb   Thumb Code   262  common.o(i.USART_printf)
    UsageFault_Handler                       0x080034d1   Thumb Code     4  stm32f4xx_it.o(i.UsageFault_Handler)
    VAD                                      0x080034d5   Thumb Code   184  vad.o(i.VAD)
    VoiceLoc                                 0x08003591   Thumb Code   246  voice_locate.o(i.VoiceLoc)
    VoiceLoc_Init                            0x080036c1   Thumb Code    64  voice_locate.o(i.VoiceLoc_Init)
    WIFI_Init                                0x08003769   Thumb Code   108  wifi.o(i.WIFI_Init)
    __ARM_fpclassify                         0x08003815   Thumb Code    48  fpclassify.o(i.__ARM_fpclassify)
    __hardfp_atan                            0x08003849   Thumb Code   622  atan.o(i.__hardfp_atan)
    __hardfp_atan2                           0x08003b21   Thumb Code   432  atan2.o(i.__hardfp_atan2)
    __hardfp_sqrt                            0x08003d11   Thumb Code   122  sqrt.o(i.__hardfp_sqrt)
    __kernel_poly                            0x08003d8b   Thumb Code   248  poly.o(i.__kernel_poly)
    __mathlib_dbl_infnan                     0x08003e83   Thumb Code    20  dunder.o(i.__mathlib_dbl_infnan)
    __mathlib_dbl_infnan2                    0x08003e97   Thumb Code    20  dunder.o(i.__mathlib_dbl_infnan2)
    __mathlib_dbl_underflow                  0x08003eb1   Thumb Code    24  dunder.o(i.__mathlib_dbl_underflow)
    _sys_exit                                0x08003ed1   Thumb Code     4  usart.o(i._sys_exit)
    atan                                     0x08003ed5   Thumb Code    16  atan.o(i.atan)
    delay_get                                0x08003ee5   Thumb Code    54  calculate_poxy.o(i.delay_get)
    delay_init                               0x08003f31   Thumb Code    52  delay.o(i.delay_init)
    delay_ms                                 0x08003f6d   Thumb Code    56  delay.o(i.delay_ms)
    delay_two_sigs                           0x08003fa5   Thumb Code   576  calculate_poxy.o(i.delay_two_sigs)
    delay_xms                                0x080041f1   Thumb Code    72  delay.o(i.delay_xms)
    fabs                                     0x0800423d   Thumb Code    24  fabs.o(i.fabs)
    fputc                                    0x08004255   Thumb Code    22  usart.o(i.fputc)
    getInstruction                           0x08004271   Thumb Code   214  common.o(i.getInstruction)
    main                                     0x080043c5   Thumb Code   222  main.o(i.main)
    noise_atap                               0x080044dd   Thumb Code   204  vad.o(i.noise_atap)
    pos_get                                  0x080045a9   Thumb Code   200  calculate_poxy.o(i.pos_get)
    uart_init                                0x0800467d   Thumb Code   164  usart.o(i.uart_init)
    __aeabi_dneg                             0x08004729   Thumb Code     0  basic.o(x$fpl$basic)
    _dneg                                    0x08004729   Thumb Code     6  basic.o(x$fpl$basic)
    __aeabi_fneg                             0x0800472f   Thumb Code     0  basic.o(x$fpl$basic)
    _fneg                                    0x0800472f   Thumb Code     6  basic.o(x$fpl$basic)
    _dabs                                    0x08004735   Thumb Code     6  basic.o(x$fpl$basic)
    _fabs                                    0x0800473b   Thumb Code     6  basic.o(x$fpl$basic)
    __aeabi_d2f                              0x08004741   Thumb Code     0  d2f.o(x$fpl$d2f)
    _d2f                                     0x08004741   Thumb Code    98  d2f.o(x$fpl$d2f)
    __aeabi_dadd                             0x080047a5   Thumb Code     0  daddsub_clz.o(x$fpl$dadd)
    _dadd                                    0x080047a5   Thumb Code   332  daddsub_clz.o(x$fpl$dadd)
    __aeabi_ddiv                             0x080048f5   Thumb Code     0  ddiv.o(x$fpl$ddiv)
    _ddiv                                    0x080048f5   Thumb Code   552  ddiv.o(x$fpl$ddiv)
    __aeabi_d2iz                             0x08004ba5   Thumb Code     0  dfix.o(x$fpl$dfix)
    _dfix                                    0x08004ba5   Thumb Code    94  dfix.o(x$fpl$dfix)
    __aeabi_dmul                             0x08004c05   Thumb Code     0  dmul.o(x$fpl$dmul)
    _dmul                                    0x08004c05   Thumb Code   332  dmul.o(x$fpl$dmul)
    __fpl_dnaninf                            0x08004d59   Thumb Code   156  dnaninf.o(x$fpl$dnaninf)
    __fpl_dretinf                            0x08004df5   Thumb Code    12  dretinf.o(x$fpl$dretinf)
    __aeabi_drsub                            0x08004e01   Thumb Code     0  daddsub_clz.o(x$fpl$drsb)
    _drsb                                    0x08004e01   Thumb Code    22  daddsub_clz.o(x$fpl$drsb)
    _dsqrt                                   0x08004e19   Thumb Code   404  dsqrt_umaal.o(x$fpl$dsqrt)
    __aeabi_dsub                             0x08004fb1   Thumb Code     0  daddsub_clz.o(x$fpl$dsub)
    _dsub                                    0x08004fb1   Thumb Code   464  daddsub_clz.o(x$fpl$dsub)
    __aeabi_f2d                              0x08005185   Thumb Code     0  f2d.o(x$fpl$f2d)
    _f2d                                     0x08005185   Thumb Code    86  f2d.o(x$fpl$f2d)
    __fpl_fnaninf                            0x080051db   Thumb Code   140  fnaninf.o(x$fpl$fnaninf)
    _fp_init                                 0x08005267   Thumb Code    10  fpinit.o(x$fpl$fpinit)
    __fplib_config_fpu_vfp                   0x0800526f   Thumb Code     0  fpinit.o(x$fpl$fpinit)
    __fplib_config_pureend_doubles           0x0800526f   Thumb Code     0  fpinit.o(x$fpl$fpinit)
    __fpl_fretinf                            0x08005271   Thumb Code    10  fretinf.o(x$fpl$fretinf)
    __I$use$fp                               0x0800527a   Number         0  usenofp.o(x$fpl$usenofp)
    armBitRevTable                           0x0800527a   Data        2048  arm_common_tables.o(.constdata)
    twiddleCoef_4096                         0x08005a7c   Data       32768  arm_common_tables.o(.constdata)
    __mathlib_zero                           0x0800db18   Data           8  qnan.o(.constdata)
    Region$$Table$$Base                      0x0800db20   Number         0  anon$$obj.o(Region$$Table)
    Region$$Table$$Limit                     0x0800db40   Number         0  anon$$obj.o(Region$$Table)
    SamplingOver_Flag                        0x20000000   Data           1  para_defs.o(.data)
    Voice_Flag                               0x20000001   Data           1  para_defs.o(.data)
    noise_paramter                           0x20000002   Data           8  para_defs.o(.data)
    pos_dest                                 0x2000000c   Data           8  para_defs.o(.data)
    WriteOverNum                             0x20000014   Data           1  para_defs.o(.data)
    NowReadFifoNum                           0x20000015   Data           1  para_defs.o(.data)
    NowWriteFifoNum                          0x20000016   Data           1  para_defs.o(.data)
    FirstFrameFlag                           0x20000017   Data           1  para_defs.o(.data)
    FifoCount                                0x20000018   Data           1  para_defs.o(.data)
    RWheelAngularVel                         0x2000001c   Data           4  para_defs.o(.data)
    LWheelAngularVel                         0x20000020   Data           4  para_defs.o(.data)
    LWheelAngularVel_HalfDuty                0x20000024   Data           4  para_defs.o(.data)
    RWheelAngularVel_HalfDuty                0x20000028   Data           4  para_defs.o(.data)
    CarAngularVel_HalfDuty                   0x2000002c   Data           4  para_defs.o(.data)
    CarLineVel_HalfDuty                      0x20000030   Data           4  para_defs.o(.data)
    TermInstr_Come                           0x20000034   Data           1  para_defs.o(.data)
    RState                                   0x20000035   Data           1  motor.o(.data)
    LState                                   0x20000036   Data           1  motor.o(.data)
    __stdout                                 0x20000048   Data           4  usart.o(.data)
    USART_RX_STA                             0x2000004c   Data           2  usart.o(.data)
    NVIC_Flag                                0x20000052   Data           1  adc.o(.data)
    RWheelCounter                            0x20000054   Data           2  motordriver.o(.data)
    LWheelCounter                            0x20000056   Data           2  motordriver.o(.data)
    speechInstrCome                          0x20000058   Data           1  ld3320.o(.data)
    runTime_Flag                             0x20000059   Data           1  timer.o(.data)
    adc_result                               0x2000005c   Data       24576  para_defs.o(.bss)
    sig_vf1                                  0x2000605c   Data        8192  para_defs.o(.bss)
    sig_vf2                                  0x2000805c   Data        8192  para_defs.o(.bss)
    sig2                                     0x2000a05c   Data        8192  para_defs.o(.bss)
    sig3                                     0x2000c05c   Data        8192  para_defs.o(.bss)
    sig4                                     0x2000e05c   Data        8192  para_defs.o(.bss)
    delay                                    0x2001005c   Data          12  para_defs.o(.bss)
    USART_RX_BUF                             0x20010068   Data         200  usart.o(.bss)
    strEsp8266_Fram_Record                   0x20010130   Data        1026  esp8266.o(.bss)
    speech_Instr                             0x20010532   Data          50  ld3320.o(.bss)
    __libspace_start                         0x20010564   Data          96  libspace.o(.bss)
    __temporary_stack_top$libspace           0x200105c4   Data           0  libspace.o(.bss)



==============================================================================

Memory Map of the image

  Image Entry point : 0x08000241

  Load Region LR_1 (Base: 0x08000000, Size: 0x0000db9c, Max: 0xffffffff, ABSOLUTE)

    Execution Region ER_RO (Exec base: 0x08000000, Load base: 0x08000000, Size: 0x0000db40, Max: 0xffffffff, ABSOLUTE)

    Exec Addr    Load Addr    Size         Type   Attr      Idx    E Section Name        Object

    0x08000000   0x08000000   0x00000188   Data   RO         3115    RESET               startup_stm32f40_41xxx.o
    0x08000188   0x08000188   0x00000008   Code   RO         3735  * !!!main             c_w.l(__main.o)
    0x08000190   0x08000190   0x00000034   Code   RO         4060    !!!scatter          c_w.l(__scatter.o)
    0x080001c4   0x080001c4   0x0000001a   Code   RO         4062    !!handler_copy      c_w.l(__scatter_copy.o)
    0x080001de   0x080001de   0x00000002   PAD
    0x080001e0   0x080001e0   0x0000001c   Code   RO         4064    !!handler_zi        c_w.l(__scatter_zi.o)
    0x080001fc   0x080001fc   0x00000000   Code   RO         3730    .ARM.Collect$$_printf_percent$$00000000  c_w.l(_printf_percent.o)
    0x080001fc   0x080001fc   0x00000006   Code   RO         3729    .ARM.Collect$$_printf_percent$$00000009  c_w.l(_printf_d.o)
    0x08000202   0x08000202   0x00000006   Code   RO         3728    .ARM.Collect$$_printf_percent$$00000014  c_w.l(_printf_s.o)
    0x08000208   0x08000208   0x00000004   Code   RO         3821    .ARM.Collect$$_printf_percent$$00000017  c_w.l(_printf_percent_end.o)
    0x0800020c   0x0800020c   0x00000002   Code   RO         4001    .ARM.Collect$$libinit$$00000000  c_w.l(libinit.o)
    0x0800020e   0x0800020e   0x00000004   Code   RO         3826    .ARM.Collect$$libinit$$00000001  c_w.l(libinit2.o)
    0x08000212   0x08000212   0x00000000   Code   RO         3829    .ARM.Collect$$libinit$$00000004  c_w.l(libinit2.o)
    0x08000212   0x08000212   0x00000008   Code   RO         3830    .ARM.Collect$$libinit$$00000005  c_w.l(libinit2.o)
    0x0800021a   0x0800021a   0x00000000   Code   RO         3832    .ARM.Collect$$libinit$$0000000A  c_w.l(libinit2.o)
    0x0800021a   0x0800021a   0x00000000   Code   RO         3834    .ARM.Collect$$libinit$$0000000C  c_w.l(libinit2.o)
    0x0800021a   0x0800021a   0x00000000   Code   RO         3836    .ARM.Collect$$libinit$$0000000E  c_w.l(libinit2.o)
    0x0800021a   0x0800021a   0x00000000   Code   RO         3839    .ARM.Collect$$libinit$$00000011  c_w.l(libinit2.o)
    0x0800021a   0x0800021a   0x00000000   Code   RO         3841    .ARM.Collect$$libinit$$00000013  c_w.l(libinit2.o)
    0x0800021a   0x0800021a   0x00000000   Code   RO         3843    .ARM.Collect$$libinit$$00000015  c_w.l(libinit2.o)
    0x0800021a   0x0800021a   0x00000000   Code   RO         3845    .ARM.Collect$$libinit$$00000017  c_w.l(libinit2.o)
    0x0800021a   0x0800021a   0x00000000   Code   RO         3847    .ARM.Collect$$libinit$$00000019  c_w.l(libinit2.o)
    0x0800021a   0x0800021a   0x00000000   Code   RO         3849    .ARM.Collect$$libinit$$0000001B  c_w.l(libinit2.o)
    0x0800021a   0x0800021a   0x00000000   Code   RO         3851    .ARM.Collect$$libinit$$0000001D  c_w.l(libinit2.o)
    0x0800021a   0x0800021a   0x00000000   Code   RO         3853    .ARM.Collect$$libinit$$0000001F  c_w.l(libinit2.o)
    0x0800021a   0x0800021a   0x00000000   Code   RO         3855    .ARM.Collect$$libinit$$00000021  c_w.l(libinit2.o)
    0x0800021a   0x0800021a   0x00000000   Code   RO         3857    .ARM.Collect$$libinit$$00000023  c_w.l(libinit2.o)
    0x0800021a   0x0800021a   0x00000000   Code   RO         3859    .ARM.Collect$$libinit$$00000025  c_w.l(libinit2.o)
    0x0800021a   0x0800021a   0x00000000   Code   RO         3863    .ARM.Collect$$libinit$$0000002C  c_w.l(libinit2.o)
    0x0800021a   0x0800021a   0x00000000   Code   RO         3865    .ARM.Collect$$libinit$$0000002E  c_w.l(libinit2.o)
    0x0800021a   0x0800021a   0x00000000   Code   RO         3867    .ARM.Collect$$libinit$$00000030  c_w.l(libinit2.o)
    0x0800021a   0x0800021a   0x00000000   Code   RO         3869    .ARM.Collect$$libinit$$00000032  c_w.l(libinit2.o)
    0x0800021a   0x0800021a   0x00000002   Code   RO         3870    .ARM.Collect$$libinit$$00000033  c_w.l(libinit2.o)
    0x0800021c   0x0800021c   0x00000002   Code   RO         4057    .ARM.Collect$$libshutdown$$00000000  c_w.l(libshutdown.o)
    0x0800021e   0x0800021e   0x00000000   Code   RO         4013    .ARM.Collect$$libshutdown$$00000002  c_w.l(libshutdown2.o)
    0x0800021e   0x0800021e   0x00000000   Code   RO         4015    .ARM.Collect$$libshutdown$$00000004  c_w.l(libshutdown2.o)
    0x0800021e   0x0800021e   0x00000000   Code   RO         4018    .ARM.Collect$$libshutdown$$00000007  c_w.l(libshutdown2.o)
    0x0800021e   0x0800021e   0x00000000   Code   RO         4021    .ARM.Collect$$libshutdown$$0000000A  c_w.l(libshutdown2.o)
    0x0800021e   0x0800021e   0x00000000   Code   RO         4023    .ARM.Collect$$libshutdown$$0000000C  c_w.l(libshutdown2.o)
    0x0800021e   0x0800021e   0x00000000   Code   RO         4026    .ARM.Collect$$libshutdown$$0000000F  c_w.l(libshutdown2.o)
    0x0800021e   0x0800021e   0x00000002   Code   RO         4027    .ARM.Collect$$libshutdown$$00000010  c_w.l(libshutdown2.o)
    0x08000220   0x08000220   0x00000000   Code   RO         3783    .ARM.Collect$$rtentry$$00000000  c_w.l(__rtentry.o)
    0x08000220   0x08000220   0x00000000   Code   RO         3927    .ARM.Collect$$rtentry$$00000002  c_w.l(__rtentry2.o)
    0x08000220   0x08000220   0x00000006   Code   RO         3939    .ARM.Collect$$rtentry$$00000004  c_w.l(__rtentry4.o)
    0x08000226   0x08000226   0x00000000   Code   RO         3929    .ARM.Collect$$rtentry$$00000009  c_w.l(__rtentry2.o)
    0x08000226   0x08000226   0x00000004   Code   RO         3930    .ARM.Collect$$rtentry$$0000000A  c_w.l(__rtentry2.o)
    0x0800022a   0x0800022a   0x00000000   Code   RO         3932    .ARM.Collect$$rtentry$$0000000C  c_w.l(__rtentry2.o)
    0x0800022a   0x0800022a   0x00000008   Code   RO         3933    .ARM.Collect$$rtentry$$0000000D  c_w.l(__rtentry2.o)
    0x08000232   0x08000232   0x00000002   Code   RO         4002    .ARM.Collect$$rtexit$$00000000  c_w.l(rtexit.o)
    0x08000234   0x08000234   0x00000000   Code   RO         4031    .ARM.Collect$$rtexit$$00000002  c_w.l(rtexit2.o)
    0x08000234   0x08000234   0x00000004   Code   RO         4032    .ARM.Collect$$rtexit$$00000003  c_w.l(rtexit2.o)
    0x08000238   0x08000238   0x00000006   Code   RO         4033    .ARM.Collect$$rtexit$$00000004  c_w.l(rtexit2.o)
    0x0800023e   0x0800023e   0x00000002   PAD
    0x08000240   0x08000240   0x00000000   Code   RO         3948    .emb_text           c_w.l(maybetermalloc1.o)
    0x08000240   0x08000240   0x00000040   Code   RO         3116  * .text               startup_stm32f40_41xxx.o
    0x08000280   0x08000280   0x000000f0   Code   RO         3472    .text               arm_cortexM4lf_math.lib(arm_cmplx_mag_f32.o)
    0x08000370   0x08000370   0x000006a0   Code   RO         3517    .text               arm_cortexM4lf_math.lib(arm_cfft_radix4_f32.o)
    0x08000a10   0x08000a10   0x000000c0   Code   RO         3537    .text               arm_cortexM4lf_math.lib(arm_cfft_radix4_init_f32.o)
    0x08000ad0   0x08000ad0   0x000001e6   Code   RO         3561    .text               arm_cortexM4lf_math.lib(arm_bitreversal.o)
    0x08000cb6   0x08000cb6   0x0000005e   Code   RO         3636    .text               c_w.l(h1_alloc.o)
    0x08000d14   0x08000d14   0x0000004e   Code   RO         3638    .text               c_w.l(h1_free.o)
    0x08000d62   0x08000d62   0x00000002   PAD
    0x08000d64   0x08000d64   0x00000018   Code   RO         3698    .text               c_w.l(noretval__2printf.o)
    0x08000d7c   0x08000d7c   0x00000028   Code   RO         3700    .text               c_w.l(noretval__2sprintf.o)
    0x08000da4   0x08000da4   0x00000068   Code   RO         3702    .text               c_w.l(__printf.o)
    0x08000e0c   0x08000e0c   0x00000052   Code   RO         3704    .text               c_w.l(_printf_str.o)
    0x08000e5e   0x08000e5e   0x00000002   PAD
    0x08000e60   0x08000e60   0x00000078   Code   RO         3706    .text               c_w.l(_printf_dec.o)
    0x08000ed8   0x08000ed8   0x00000024   Code   RO         3731    .text               c_w.l(strstr.o)
    0x08000efc   0x08000efc   0x00000006   Code   RO         3733    .text               c_w.l(heapauxi.o)
    0x08000f02   0x08000f02   0x00000002   PAD
    0x08000f04   0x08000f04   0x00000008   Code   RO         3787    .text               c_w.l(rt_heap_descriptor_intlibspace.o)
    0x08000f0c   0x08000f0c   0x00000004   Code   RO         3789    .text               c_w.l(hguard.o)
    0x08000f10   0x08000f10   0x0000008a   Code   RO         3791    .text               c_w.l(init_alloc.o)
    0x08000f9a   0x08000f9a   0x0000000e   Code   RO         3795    .text               c_w.l(h1_init.o)
    0x08000fa8   0x08000fa8   0x00000016   Code   RO         3809    .text               c_w.l(_rserrno.o)
    0x08000fbe   0x08000fbe   0x000000b2   Code   RO         3811    .text               c_w.l(_printf_intcommon.o)
    0x08001070   0x08001070   0x00000030   Code   RO         3813    .text               c_w.l(_printf_char_common.o)
    0x080010a0   0x080010a0   0x0000000a   Code   RO         3815    .text               c_w.l(_sputc.o)
    0x080010aa   0x080010aa   0x0000002c   Code   RO         3817    .text               c_w.l(_printf_char.o)
    0x080010d6   0x080010d6   0x00000002   PAD
    0x080010d8   0x080010d8   0x00000024   Code   RO         3819    .text               c_w.l(_printf_char_file.o)
    0x080010fc   0x080010fc   0x00000008   Code   RO         3923    .text               c_w.l(libspace.o)
    0x08001104   0x08001104   0x00000008   Code   RO         3944    .text               c_w.l(rt_errno_addr_intlibspace.o)
    0x0800110c   0x0800110c   0x00000034   Code   RO         3950    .text               c_w.l(h1_extend.o)
    0x08001140   0x08001140   0x00000008   Code   RO         3956    .text               c_w.l(ferror.o)
    0x08001148   0x08001148   0x0000000e   Code   RO         3960    .text               c_w.l(defsig_rtmem_outer.o)
    0x08001156   0x08001156   0x00000002   Code   RO         3977    .text               c_w.l(use_no_semi.o)
    0x08001158   0x08001158   0x00000000   Code   RO         3979    .text               c_w.l(indicate_semi.o)
    0x08001158   0x08001158   0x0000004a   Code   RO         3980    .text               c_w.l(sys_stackheap_outer.o)
    0x080011a2   0x080011a2   0x00000012   Code   RO         3986    .text               c_w.l(exit.o)
    0x080011b4   0x080011b4   0x0000000a   Code   RO         3988    .text               c_w.l(defsig_exit.o)
    0x080011be   0x080011be   0x00000002   PAD
    0x080011c0   0x080011c0   0x00000050   Code   RO         3990    .text               c_w.l(defsig_rtmem_inner.o)
    0x08001210   0x08001210   0x00000032   Code   RO         4010    .text               c_w.l(defsig_general.o)
    0x08001242   0x08001242   0x0000000e   Code   RO         4028    .text               c_w.l(sys_wrch.o)
    0x08001250   0x08001250   0x00000016   Code   RO          778    i.ADC_Cmd           stm32f4xx_adc.o
    0x08001266   0x08001266   0x00000002   PAD
    0x08001268   0x08001268   0x00000030   Code   RO          779    i.ADC_CommonInit    stm32f4xx_adc.o
    0x08001298   0x08001298   0x00000164   Code   RO         3229    i.ADC_Common_Init   adc.o
    0x080013fc   0x080013fc   0x00000016   Code   RO          782    i.ADC_DMACmd        stm32f4xx_adc.o
    0x08001412   0x08001412   0x00000016   Code   RO          783    i.ADC_DMARequestAfterLastTransferCmd  stm32f4xx_adc.o
    0x08001428   0x08001428   0x00000054   Code   RO          798    i.ADC_Init          stm32f4xx_adc.o
    0x0800147c   0x0800147c   0x0000002c   Code   RO          802    i.ADC_MultiModeDMARequestAfterLastTransferCmd  stm32f4xx_adc.o
    0x080014a8   0x080014a8   0x000000b8   Code   RO          803    i.ADC_RegularChannelConfig  stm32f4xx_adc.o
    0x08001560   0x08001560   0x0000000a   Code   RO          805    i.ADC_SoftwareStartConv  stm32f4xx_adc.o
    0x0800156a   0x0800156a   0x00000002   PAD
    0x0800156c   0x0800156c   0x000000a0   Code   RO         3231    i.ADC_Voice_Init    adc.o
    0x0800160c   0x0800160c   0x0000001c   Code   RO         3232    i.ADC_start         adc.o
    0x08001628   0x08001628   0x0000001c   Code   RO         3233    i.ADC_stop          adc.o
    0x08001644   0x08001644   0x0000014c   Code   RO          412    i.Avoid             motor.o
    0x08001790   0x08001790   0x00000034   Code   RO          413    i.Break             motor.o
    0x080017c4   0x080017c4   0x00000004   Code   RO          173    i.BusFault_Handler  stm32f4xx_it.o
    0x080017c8   0x080017c8   0x000000b0   Code   RO         3234    i.DMA2_Stream0_IRQHandler  adc.o
    0x08001878   0x08001878   0x00000034   Code   RO         1015    i.DMA_ClearITPendingBit  stm32f4xx_dma.o
    0x080018ac   0x080018ac   0x00000016   Code   RO         1016    i.DMA_Cmd           stm32f4xx_dma.o
    0x080018c2   0x080018c2   0x00000002   PAD
    0x080018c4   0x080018c4   0x00000064   Code   RO         1026    i.DMA_GetITStatus   stm32f4xx_dma.o
    0x08001928   0x08001928   0x0000003a   Code   RO         1027    i.DMA_ITConfig      stm32f4xx_dma.o
    0x08001962   0x08001962   0x00000002   PAD
    0x08001964   0x08001964   0x00000058   Code   RO         1028    i.DMA_Init          stm32f4xx_dma.o
    0x080019bc   0x080019bc   0x0000000a   Code   RO         1029    i.DMA_MemoryTargetConfig  stm32f4xx_dma.o
    0x080019c6   0x080019c6   0x00000004   Code   RO         1030    i.DMA_PeriphAdrConfig  stm32f4xx_dma.o
    0x080019ca   0x080019ca   0x00000004   Code   RO         1032    i.DMA_SetCurrDataCounter  stm32f4xx_dma.o
    0x080019ce   0x080019ce   0x00000002   Code   RO          174    i.DebugMon_Handler  stm32f4xx_it.o
    0x080019d0   0x080019d0   0x0000003c   Code   RO          557    i.ESP8266_APIP_Set  wifi.o
    0x08001a0c   0x08001a0c   0x00000044   Code   RO          558    i.ESP8266_AT_Test   wifi.o
    0x08001a50   0x08001a50   0x00000044   Code   RO          559    i.ESP8266_BuildAP   wifi.o
    0x08001a94   0x08001a94   0x000000b8   Code   RO          560    i.ESP8266_Cmd       wifi.o
    0x08001b4c   0x08001b4c   0x00000054   Code   RO         3353    i.ESP8266_GPIO_Init  esp8266.o
    0x08001ba0   0x08001ba0   0x00000024   Code   RO         3354    i.ESP8266_Init      esp8266.o
    0x08001bc4   0x08001bc4   0x0000003c   Code   RO          563    i.ESP8266_MultiUser_Set  wifi.o
    0x08001c00   0x08001c00   0x00000074   Code   RO          564    i.ESP8266_NetMode_Set  wifi.o
    0x08001c74   0x08001c74   0x00000024   Code   RO          565    i.ESP8266_Rst       wifi.o
    0x08001c98   0x08001c98   0x0000008c   Code   RO          567    i.ESP8266_TCPSever_Set  wifi.o
    0x08001d24   0x08001d24   0x000000bc   Code   RO         3355    i.ESP8266_USART_Init  esp8266.o
    0x08001de0   0x08001de0   0x00000028   Code   RO         3285    i.EXTI4_IRQHandler  motordriver.o
    0x08001e08   0x08001e08   0x00000038   Code   RO         3286    i.EXTI9_5_IRQHandler  motordriver.o
    0x08001e40   0x08001e40   0x0000000c   Code   RO         2998    i.EXTI_ClearITPendingBit  stm32f4xx_exti.o
    0x08001e4c   0x08001e4c   0x00000094   Code   RO         3003    i.EXTI_Init         stm32f4xx_exti.o
    0x08001ee0   0x08001ee0   0x00000090   Code   RO         1694    i.GPIO_Init         stm32f4xx_gpio.o
    0x08001f70   0x08001f70   0x00000046   Code   RO         1695    i.GPIO_PinAFConfig  stm32f4xx_gpio.o
    0x08001fb6   0x08001fb6   0x00000012   Code   RO         1698    i.GPIO_ReadInputDataBit  stm32f4xx_gpio.o
    0x08001fc8   0x08001fc8   0x00000004   Code   RO         1701    i.GPIO_ResetBits    stm32f4xx_gpio.o
    0x08001fcc   0x08001fcc   0x00000004   Code   RO         1702    i.GPIO_SetBits      stm32f4xx_gpio.o
    0x08001fd0   0x08001fd0   0x00000038   Code   RO          416    i.GoAhead           motor.o
    0x08002008   0x08002008   0x0000003c   Code   RO          417    i.GoBack            motor.o
    0x08002044   0x08002044   0x0000003c   Code   RO          418    i.GoLeft            motor.o
    0x08002080   0x08002080   0x0000016c   Code   RO          419    i.GoPoxy            motor.o
    0x080021ec   0x080021ec   0x0000003c   Code   RO          420    i.GoRight           motor.o
    0x08002228   0x08002228   0x00000004   Code   RO          175    i.HardFault_Handler  stm32f4xx_it.o
    0x0800222c   0x0800222c   0x00000008   Code   RO         3401    i.LD3320_Init       ld3320.o
    0x08002234   0x08002234   0x000000b4   Code   RO         3402    i.LD3320_USART_Init  ld3320.o
    0x080022e8   0x080022e8   0x00000040   Code   RO         3287    i.LED_Init          motordriver.o
    0x08002328   0x08002328   0x00000004   Code   RO          176    i.MemManage_Handler  stm32f4xx_it.o
    0x0800232c   0x0800232c   0x000000bc   Code   RO         3288    i.Motor_GPIO_Init   motordriver.o
    0x080023e8   0x080023e8   0x00000130   Code   RO         3289    i.Motor_Init        motordriver.o
    0x08002518   0x08002518   0x00000090   Code   RO         3290    i.Motor_NVIC_Init   motordriver.o
    0x080025a8   0x080025a8   0x000000e8   Code   RO         3291    i.Motor_TIM_Init    motordriver.o
    0x08002690   0x08002690   0x00000002   Code   RO          177    i.NMI_Handler       stm32f4xx_it.o
    0x08002692   0x08002692   0x00000002   PAD
    0x08002694   0x08002694   0x00000078   Code   RO          728    i.NVIC_Init         misc.o
    0x0800270c   0x0800270c   0x00000014   Code   RO          729    i.NVIC_PriorityGroupConfig  misc.o
    0x08002720   0x08002720   0x00000002   Code   RO          178    i.PendSV_Handler    stm32f4xx_it.o
    0x08002722   0x08002722   0x00000002   PAD
    0x08002724   0x08002724   0x00000020   Code   RO         1913    i.RCC_AHB1PeriphClockCmd  stm32f4xx_rcc.o
    0x08002744   0x08002744   0x00000020   Code   RO         1922    i.RCC_APB1PeriphClockCmd  stm32f4xx_rcc.o
    0x08002764   0x08002764   0x00000020   Code   RO         1925    i.RCC_APB2PeriphClockCmd  stm32f4xx_rcc.o
    0x08002784   0x08002784   0x000000e8   Code   RO         1934    i.RCC_GetClocksFreq  stm32f4xx_rcc.o
    0x0800286c   0x0800286c   0x00000002   Code   RO          179    i.SVC_Handler       stm32f4xx_it.o
    0x0800286e   0x0800286e   0x00000002   PAD
    0x08002870   0x08002870   0x00000040   Code   RO         3062    i.SYSCFG_EXTILineConfig  stm32f4xx_syscfg.o
    0x080028b0   0x080028b0   0x000001f4   Code   RO          356    i.Sampling_to_vol   vad.o
    0x08002aa4   0x08002aa4   0x000000ec   Code   RO          270    i.SetSysClock       system_stm32f4xx.o
    0x08002b90   0x08002b90   0x000000c4   Code   RO          691    i.SpeechCtr         speechcontrol.o
    0x08002c54   0x08002c54   0x00000014   Code   RO          692    i.Speech_Init       speechcontrol.o
    0x08002c68   0x08002c68   0x0000005c   Code   RO         3440    i.Speech_TIM_Init   timer.o
    0x08002cc4   0x08002cc4   0x00000028   Code   RO          732    i.SysTick_CLKSourceConfig  misc.o
    0x08002cec   0x08002cec   0x00000002   Code   RO          180    i.SysTick_Handler   stm32f4xx_it.o
    0x08002cee   0x08002cee   0x00000002   PAD
    0x08002cf0   0x08002cf0   0x00000068   Code   RO          272    i.SystemInit        system_stm32f4xx.o
    0x08002d58   0x08002d58   0x00000024   Code   RO         3441    i.TIM3_IRQHandler   timer.o
    0x08002d7c   0x08002d7c   0x000000e4   Code   RO         3292    i.TIM8_TRG_COM_TIM14_IRQHandler  motordriver.o
    0x08002e60   0x08002e60   0x00000018   Code   RO         2251    i.TIM_ARRPreloadConfig  stm32f4xx_tim.o
    0x08002e78   0x08002e78   0x00000006   Code   RO         2258    i.TIM_ClearITPendingBit  stm32f4xx_tim.o
    0x08002e7e   0x08002e7e   0x00000018   Code   RO         2263    i.TIM_Cmd           stm32f4xx_tim.o
    0x08002e96   0x08002e96   0x00000022   Code   RO         2284    i.TIM_GetITStatus   stm32f4xx_tim.o
    0x08002eb8   0x08002eb8   0x00000012   Code   RO         2288    i.TIM_ITConfig      stm32f4xx_tim.o
    0x08002eca   0x08002eca   0x00000002   PAD
    0x08002ecc   0x08002ecc   0x0000007c   Code   RO         2292    i.TIM_OC1Init       stm32f4xx_tim.o
    0x08002f48   0x08002f48   0x00000012   Code   RO         2295    i.TIM_OC1PreloadConfig  stm32f4xx_tim.o
    0x08002f5a   0x08002f5a   0x00000004   Code   RO         2325    i.TIM_SetCompare1   stm32f4xx_tim.o
    0x08002f5e   0x08002f5e   0x00000002   PAD
    0x08002f60   0x08002f60   0x00000084   Code   RO         2335    i.TIM_TimeBaseInit  stm32f4xx_tim.o
    0x08002fe4   0x08002fe4   0x000000b8   Code   RO          423    i.Turn              motor.o
    0x0800309c   0x0800309c   0x00000088   Code   RO         3122    i.USART1_IRQHandler  usart.o
    0x08003124   0x08003124   0x00000040   Code   RO         3403    i.USART2_IRQHandler  ld3320.o
    0x08003164   0x08003164   0x000000b0   Code   RO         3356    i.USART3_IRQHandler  esp8266.o
    0x08003214   0x08003214   0x00000018   Code   RO         2813    i.USART_Cmd         stm32f4xx_usart.o
    0x0800322c   0x0800322c   0x0000001a   Code   RO         2816    i.USART_GetFlagStatus  stm32f4xx_usart.o
    0x08003246   0x08003246   0x00000054   Code   RO         2817    i.USART_GetITStatus  stm32f4xx_usart.o
    0x0800329a   0x0800329a   0x0000004a   Code   RO         2819    i.USART_ITConfig    stm32f4xx_usart.o
    0x080032e4   0x080032e4   0x000000d4   Code   RO         2820    i.USART_Init        stm32f4xx_usart.o
    0x080033b8   0x080033b8   0x0000000a   Code   RO         2827    i.USART_ReceiveData  stm32f4xx_usart.o
    0x080033c2   0x080033c2   0x00000008   Code   RO         2830    i.USART_SendData    stm32f4xx_usart.o
    0x080033ca   0x080033ca   0x00000106   Code   RO          653    i.USART_printf      common.o
    0x080034d0   0x080034d0   0x00000004   Code   RO          181    i.UsageFault_Handler  stm32f4xx_it.o
    0x080034d4   0x080034d4   0x000000bc   Code   RO          357    i.VAD               vad.o
    0x08003590   0x08003590   0x00000130   Code   RO          517    i.VoiceLoc          voice_locate.o
    0x080036c0   0x080036c0   0x000000a8   Code   RO          518    i.VoiceLoc_Init     voice_locate.o
    0x08003768   0x08003768   0x000000ac   Code   RO          568    i.WIFI_Init         wifi.o
    0x08003814   0x08003814   0x00000030   Code   RO         3973    i.__ARM_fpclassify  m_wm.l(fpclassify.o)
    0x08003844   0x08003844   0x00000004   PAD
    0x08003848   0x08003848   0x000002d8   Code   RO         3886    i.__hardfp_atan     m_wm.l(atan.o)
    0x08003b20   0x08003b20   0x000001f0   Code   RO         3757    i.__hardfp_atan2    m_wm.l(atan2.o)
    0x08003d10   0x08003d10   0x0000007a   Code   RO         3769    i.__hardfp_sqrt     m_wm.l(sqrt.o)
    0x08003d8a   0x08003d8a   0x000000f8   Code   RO         3975    i.__kernel_poly     m_wm.l(poly.o)
    0x08003e82   0x08003e82   0x00000014   Code   RO         3901    i.__mathlib_dbl_infnan  m_wm.l(dunder.o)
    0x08003e96   0x08003e96   0x00000014   Code   RO         3902    i.__mathlib_dbl_infnan2  m_wm.l(dunder.o)
    0x08003eaa   0x08003eaa   0x00000006   PAD
    0x08003eb0   0x08003eb0   0x00000020   Code   RO         3906    i.__mathlib_dbl_underflow  m_wm.l(dunder.o)
    0x08003ed0   0x08003ed0   0x00000004   Code   RO         3123    i._sys_exit         usart.o
    0x08003ed4   0x08003ed4   0x00000010   Code   RO         3888    i.atan              m_wm.l(atan.o)
    0x08003ee4   0x08003ee4   0x0000004c   Code   RO          307    i.delay_get         calculate_poxy.o
    0x08003f30   0x08003f30   0x0000003c   Code   RO         3189    i.delay_init        delay.o
    0x08003f6c   0x08003f6c   0x00000038   Code   RO         3190    i.delay_ms          delay.o
    0x08003fa4   0x08003fa4   0x0000024c   Code   RO          308    i.delay_two_sigs    calculate_poxy.o
    0x080041f0   0x080041f0   0x0000004c   Code   RO         3192    i.delay_xms         delay.o
    0x0800423c   0x0800423c   0x00000018   Code   RO         3916    i.fabs              m_wm.l(fabs.o)
    0x08004254   0x08004254   0x0000001c   Code   RO         3124    i.fputc             usart.o
    0x08004270   0x08004270   0x000000f0   Code   RO          654    i.getInstruction    common.o
    0x08004360   0x08004360   0x00000062   Code   RO          655    i.itoa              common.o
    0x080043c2   0x080043c2   0x00000002   PAD
    0x080043c4   0x080043c4   0x00000118   Code   RO            3    i.main              main.o
    0x080044dc   0x080044dc   0x000000cc   Code   RO          358    i.noise_atap        vad.o
    0x080045a8   0x080045a8   0x000000d4   Code   RO          309    i.pos_get           calculate_poxy.o
    0x0800467c   0x0800467c   0x000000ac   Code   RO         3125    i.uart_init         usart.o
    0x08004728   0x08004728   0x00000018   Code   RO         3871    x$fpl$basic         fz_wm.l(basic.o)
    0x08004740   0x08004740   0x00000062   Code   RO         3737    x$fpl$d2f           fz_wm.l(d2f.o)
    0x080047a2   0x080047a2   0x00000002   PAD
    0x080047a4   0x080047a4   0x00000150   Code   RO         3739    x$fpl$dadd          fz_wm.l(daddsub_clz.o)
    0x080048f4   0x080048f4   0x000002b0   Code   RO         3746    x$fpl$ddiv          fz_wm.l(ddiv.o)
    0x08004ba4   0x08004ba4   0x0000005e   Code   RO         3749    x$fpl$dfix          fz_wm.l(dfix.o)
    0x08004c02   0x08004c02   0x00000002   PAD
    0x08004c04   0x08004c04   0x00000154   Code   RO         3753    x$fpl$dmul          fz_wm.l(dmul.o)
    0x08004d58   0x08004d58   0x0000009c   Code   RO         3875    x$fpl$dnaninf       fz_wm.l(dnaninf.o)
    0x08004df4   0x08004df4   0x0000000c   Code   RO         3877    x$fpl$dretinf       fz_wm.l(dretinf.o)
    0x08004e00   0x08004e00   0x00000016   Code   RO         3740    x$fpl$drsb          fz_wm.l(daddsub_clz.o)
    0x08004e16   0x08004e16   0x00000002   PAD
    0x08004e18   0x08004e18   0x00000198   Code   RO         3879    x$fpl$dsqrt         fz_wm.l(dsqrt_umaal.o)
    0x08004fb0   0x08004fb0   0x000001d4   Code   RO         3741    x$fpl$dsub          fz_wm.l(daddsub_clz.o)
    0x08005184   0x08005184   0x00000056   Code   RO         3755    x$fpl$f2d           fz_wm.l(f2d.o)
    0x080051da   0x080051da   0x0000008c   Code   RO         3881    x$fpl$fnaninf       fz_wm.l(fnaninf.o)
    0x08005266   0x08005266   0x0000000a   Code   RO         3971    x$fpl$fpinit        fz_wm.l(fpinit.o)
    0x08005270   0x08005270   0x0000000a   Code   RO         3883    x$fpl$fretinf       fz_wm.l(fretinf.o)
    0x0800527a   0x0800527a   0x00000000   Code   RO         3885    x$fpl$usenofp       fz_wm.l(usenofp.o)
    0x0800527a   0x0800527a   0x00000800   Data   RO         3581    .constdata          arm_cortexM4lf_math.lib(arm_common_tables.o)
    0x08005a7a   0x08005a7a   0x00000002   PAD
    0x08005a7c   0x08005a7c   0x00008000   Data   RO         3590    .constdata          arm_cortexM4lf_math.lib(arm_common_tables.o)
    0x0800da7c   0x0800da7c   0x00000004   PAD
    0x0800da80   0x0800da80   0x00000098   Data   RO         3889    .constdata          m_wm.l(atan.o)
    0x0800db18   0x0800db18   0x00000008   Data   RO         3920    .constdata          m_wm.l(qnan.o)
    0x0800db20   0x0800db20   0x00000020   Data   RO         4058    Region$$Table       anon$$obj.o


    Execution Region ER_RW (Exec base: 0x20000000, Load base: 0x0800db40, Size: 0x0000005c, Max: 0xffffffff, ABSOLUTE)

    Exec Addr    Load Addr    Size         Type   Attr      Idx    E Section Name        Object

    0x20000000   0x0800db40   0x00000035   Data   RW          392    .data               para_defs.o
    0x20000035   0x0800db75   0x00000002   Data   RW          425    .data               motor.o
    0x20000037   0x0800db77   0x00000010   Data   RW         1966    .data               stm32f4xx_rcc.o
    0x20000047   0x0800db87   0x00000001   PAD
    0x20000048   0x0800db88   0x00000006   Data   RW         3127    .data               usart.o
    0x2000004e   0x0800db8e   0x00000004   Data   RW         3193    .data               delay.o
    0x20000052   0x0800db92   0x00000001   Data   RW         3235    .data               adc.o
    0x20000053   0x0800db93   0x00000001   PAD
    0x20000054   0x0800db94   0x00000004   Data   RW         3293    .data               motordriver.o
    0x20000058   0x0800db98   0x00000001   Data   RW         3405    .data               ld3320.o
    0x20000059   0x0800db99   0x00000001   Data   RW         3442    .data               timer.o


    Execution Region ER_ZI (Exec base: 0x2000005c, Load base: 0x0800db9c, Size: 0x00010b6c, Max: 0xffffffff, ABSOLUTE)

    Exec Addr    Load Addr    Size         Type   Attr      Idx    E Section Name        Object

    0x2000005c        -       0x0001000c   Zero   RW          391    .bss                para_defs.o
    0x20010068        -       0x000000c8   Zero   RW         3126    .bss                usart.o
    0x20010130        -       0x00000402   Zero   RW         3357    .bss                esp8266.o
    0x20010532        -       0x00000032   Zero   RW         3404    .bss                ld3320.o
    0x20010564        -       0x00000060   Zero   RW         3924    .bss                c_w.l(libspace.o)
    0x200105c4   0x0800db9c   0x00000004   PAD
    0x200105c8        -       0x00000200   Zero   RW         3114    HEAP                startup_stm32f40_41xxx.o
    0x200107c8        -       0x00000400   Zero   RW         3113    STACK               startup_stm32f40_41xxx.o


==============================================================================

Image component sizes


      Code (inc. data)   RO Data    RW Data    ZI Data      Debug   Object Name

       748        110          0          1          0       3012   adc.o
       876         46          0          0          0      17403   calculate_poxy.o
       600         26          0          0          0       3372   common.o
       192         12          0          4          0       1868   delay.o
       484         42          0          0       1026       4125   esp8266.o
       252         22          0          1         50       2257   ld3320.o
       280         68          0          0          0     312691   main.o
       180         24          0          0          0       2109   misc.o
      1168        158          0          2          0       4878   motor.o
      1256        148          0          4          0       4787   motordriver.o
         0          0          0         53      65548       2572   para_defs.o
       216         82          0          0          0       1002   speechcontrol.o
        64         26        392          0       1536        824   startup_stm32f40_41xxx.o
       436         34          0          0          0       6001   stm32f4xx_adc.o
       338         38          0          0          0       6146   stm32f4xx_dma.o
       160         12          0          0          0       1545   stm32f4xx_exti.o
       240          0          0          0          0       3499   stm32f4xx_gpio.o
        26          0          0          0          0       3854   stm32f4xx_it.o
       328         36          0         16          0       4603   stm32f4xx_rcc.o
        64          4          0          0          0        632   stm32f4xx_syscfg.o
       384         38          0          0          0       6032   stm32f4xx_tim.o
       438          8          0          0          0       5401   stm32f4xx_usart.o
       340         32          0          0          0       1529   system_stm32f4xx.o
       128         12          0          1          0       1323   timer.o
       340         28          0          6        200       4244   usart.o
       892         44          0          0          0       3217   vad.o
       472        162          0          0          0       1159   voice_locate.o
       904        264          0          0          0       6492   wifi.o

    ----------------------------------------------------------------------
     11828       1476        424         92      68360     416577   Object Totals
         0          0         32          0          0          0   (incl. Generated)
        22          0          0          4          0          0   (incl. Padding)

    ----------------------------------------------------------------------

      Code (inc. data)   RO Data    RW Data    ZI Data      Debug   Library Member Name

       486          0          0          0          0       2210   arm_bitreversal.o
      1696          0          0          0          0       4744   arm_cfft_radix4_f32.o
       192         46          0          0          0        767   arm_cfft_radix4_init_f32.o
       240          4          0          0          0      16312   arm_cmplx_mag_f32.o
         0          0      34816          0          0       2517   arm_common_tables.o
         8          0          0          0          0         68   __main.o
       104          0          0          0          0         84   __printf.o
         0          0          0          0          0          0   __rtentry.o
        12          0          0          0          0          0   __rtentry2.o
         6          0          0          0          0          0   __rtentry4.o
        52          8          0          0          0          0   __scatter.o
        26          0          0          0          0          0   __scatter_copy.o
        28          0          0          0          0          0   __scatter_zi.o
        44          0          0          0          0        108   _printf_char.o
        48          6          0          0          0         96   _printf_char_common.o
        36          4          0          0          0         80   _printf_char_file.o
         6          0          0          0          0          0   _printf_d.o
       120         16          0          0          0         92   _printf_dec.o
       178          0          0          0          0         88   _printf_intcommon.o
         0          0          0          0          0          0   _printf_percent.o
         4          0          0          0          0          0   _printf_percent_end.o
         6          0          0          0          0          0   _printf_s.o
        82          0          0          0          0         80   _printf_str.o
        22          0          0          0          0        100   _rserrno.o
        10          0          0          0          0         68   _sputc.o
        10          0          0          0          0         68   defsig_exit.o
        50          0          0          0          0         88   defsig_general.o
        80         58          0          0          0         76   defsig_rtmem_inner.o
        14          0          0          0          0         80   defsig_rtmem_outer.o
        18          0          0          0          0         80   exit.o
         8          0          0          0          0         68   ferror.o
        94          0          0          0          0         80   h1_alloc.o
        52          0          0          0          0         68   h1_extend.o
        78          0          0          0          0         80   h1_free.o
        14          0          0          0          0         84   h1_init.o
         6          0          0          0          0        152   heapauxi.o
         4          0          0          0          0        136   hguard.o
         0          0          0          0          0          0   indicate_semi.o
       138          0          0          0          0        168   init_alloc.o
         2          0          0          0          0          0   libinit.o
        14          0          0          0          0          0   libinit2.o
         2          0          0          0          0          0   libshutdown.o
         2          0          0          0          0          0   libshutdown2.o
         8          4          0          0         96         68   libspace.o
         0          0          0          0          0          0   maybetermalloc1.o
        24          4          0          0          0         84   noretval__2printf.o
        40          6          0          0          0         84   noretval__2sprintf.o
         8          4          0          0          0         68   rt_errno_addr_intlibspace.o
         8          4          0          0          0         68   rt_heap_descriptor_intlibspace.o
         2          0          0          0          0          0   rtexit.o
        10          0          0          0          0          0   rtexit2.o
        36          0          0          0          0         80   strstr.o
        74          0          0          0          0         80   sys_stackheap_outer.o
        14          0          0          0          0         76   sys_wrch.o
         2          0          0          0          0         68   use_no_semi.o
        24          0          0          0          0        164   basic.o
        98          4          0          0          0        140   d2f.o
       826         16          0          0          0        492   daddsub_clz.o
       688        140          0          0          0        256   ddiv.o
        94          4          0          0          0        140   dfix.o
       340         12          0          0          0        152   dmul.o
       156          4          0          0          0        140   dnaninf.o
        12          0          0          0          0        116   dretinf.o
       408         56          0          0          0        168   dsqrt_umaal.o
        86          4          0          0          0        132   f2d.o
       140          4          0          0          0        132   fnaninf.o
        10          0          0          0          0        116   fpinit.o
        10          0          0          0          0        116   fretinf.o
         0          0          0          0          0          0   usenofp.o
       744        106        152          0          0        352   atan.o
       496         64          0          0          0        192   atan2.o
        72          8          0          0          0        372   dunder.o
        24          0          0          0          0        124   fabs.o
        48          0          0          0          0        124   fpclassify.o
       248          0          0          0          0        152   poly.o
         0          0          8          0          0          0   qnan.o
       122          0          0          0          0        148   sqrt.o

    ----------------------------------------------------------------------
      8894        586      34982          0        100      33046   Library Totals
        30          0          6          0          4          0   (incl. Padding)

    ----------------------------------------------------------------------

      Code (inc. data)   RO Data    RW Data    ZI Data      Debug   Library Name

      2614         50      34816          0          0      26550   arm_cortexM4lf_math.lib
      1604        114          0          0         96       2768   c_w.l
      2892        244          0          0          0       2264   fz_wm.l
      1754        178        160          0          0       1464   m_wm.l

    ----------------------------------------------------------------------
      8894        586      34982          0        100      33046   Library Totals

    ----------------------------------------------------------------------

==============================================================================


      Code (inc. data)   RO Data    RW Data    ZI Data      Debug   

     20722       2062      35406         92      68460     434215   Grand Totals
     20722       2062      35406         92      68460     434215   ELF Image Totals
     20722       2062      35406         92          0          0   ROM Totals

==============================================================================

    Total RO  Size (Code + RO Data)                56128 (  54.81kB)
    Total RW  Size (RW Data + ZI Data)             68552 (  66.95kB)
    Total ROM Size (Code + RO Data + RW Data)      56220 (  54.90kB)

==============================================================================

